   SW   perc perc perc  query                 position in query    matching       repeat              position in repeat
score   div. del. ins.  sequence              begin end   (left)   repeat         class/family      begin  end    (left)   ID

   29   22.4  0.0  0.0  Sniffles2.INS.0SA7        2    69    (0) + (TCTCTC)n      Simple_repeat          1     68    (0)    1  
  333   23.5  0.0 10.1  Sniffles2.INS.0SB        28   136   (58) C L1MA7          LINE/L1              (9)   6282   6184    2  
  307   22.4  0.0  0.0  Sniffles2.INS.0SB       125   182   (12) C L1MA6          LINE/L1              (9)   6291   6234    3 *
 1749    0.5  0.0  0.0  Sniffles2.INS.0SB2        1   184    (0) + AluYb8         SINE/Alu             116    299   (19)    4  
  356    9.6  0.0  0.0  Sniffles2.INS.0SB4        1    52   (21) C L1P1           LINE/L1           (6101)     54      3    5  
  328    9.6  0.0  0.0  Sniffles2.INS.0SB7        1    52  (378) C SST1           Satellite/centr    (848)    715    664    6  
  823   18.4  5.4  2.8  Sniffles2.INS.0SB7      152   430    (0) C SST1           Satellite/centr    (562)   1001    716    7  
 2675    0.0  0.0  0.4  Sniffles2.INS.102S38      7   321    (0) C AluYa5         SINE/Alu             (0)    311      1    8  
 1190   15.0  0.6  0.3  Sniffles2.INS.103S18      1  4097    (1) C ALR/Alpha      Satellite/centr     (31)   4108      1    9  
  679    8.3  8.3  1.5  Sniffles2.INS.104S5       5  1352    (4) + (AT)n          Simple_repeat          1   1438    (0)   10  
 1220   13.0  0.5  0.0  Sniffles2.INS.105S11      7   338    (2) + ALR/Alpha      Satellite/centr        1    333    (2)   11  
  456   16.4  0.0  9.0  Sniffles2.INS.106S6     376   496   (64) C UCON7          DNA                (282)    111      1   12  
 1220   13.0  0.5  0.0  Sniffles2.INS.107S11      7   338    (2) + ALR/Alpha      Satellite/centr        1    333    (2)   13  
 1352   11.7  0.7  0.0  Sniffles2.INS.10CS11      1   338    (0) + ALR/Alpha      Satellite/centr        1    340    (0)   14  
 2558    2.2  0.0  3.2  Sniffles2.INS.10ES31     11   360    (0) + AluY           SINE/Alu               1    311    (0)   15  
 1248   14.4  1.6  0.2  Sniffles2.INS.10S30       1  1015    (0) + ALR/Alpha      Satellite/centr        1   1029    (0)   16  
  374   14.1  1.6  0.0  Sniffles2.INS.10S8        2    65    (0) + BSR/Beta       Satellite             45    109   (27)   17  
  853   14.8  0.0  0.0  Sniffles2.INS.10SB0       5   168    (0) + ALR/Alpha      Satellite/centr        1    164    (0)   18  
 1233   14.2  1.2  0.4  Sniffles2.INS.10SBA       1  2701    (2) C ALR/Alpha      Satellite/centr     (36)   2724      1   19  
   56    2.0  0.0  0.0  Sniffles2.INS.10SC0       1    52    (0) + (AT)n          Simple_repeat          1     52    (0)   20  
 1229   15.5  0.7  0.0  Sniffles2.INS.111S11      9   338    (1) + ALR/Alpha      Satellite/centr        1    332    (2)   21  
   12    8.3  3.6  3.6  Sniffles2.INS.111S31     26    53    (0) + GA-rich        Low_complexity         1     28    (0)   22  
   12   21.8  2.2  4.4  Sniffles2.INS.111S6       3    48   (11) + (ATA)n         Simple_repeat          1     45    (0)   23  
   16   12.4 10.3  4.9  Sniffles2.INS.111S6      49    59    (0) + (TA)n          Simple_repeat          2     61    (0)   24  
   33    7.9  3.7  0.0  Sniffles2.INS.119S23      1    54    (0) + (TTCC)n        Simple_repeat          1     56    (0)   25  
 1077    1.8  0.6  1.2  Sniffles2.INS.11BS25     12   176    (0) C SVA_F          Retroposon/SVA     (520)    855    692   26  
  506   11.9  0.8  0.8  Sniffles2.INS.11CS25      1   127    (0) C SVA_F          Retroposon/SVA     (549)    826    700   27  
   24    9.3  4.2  2.0  Sniffles2.INS.11ES24      3    52    (0) + (TATT)n        Simple_repeat          1     51    (0)   28  
 2571    1.7  0.0  1.0  Sniffles2.INS.11FS25     14   314    (0) + AluY           SINE/Alu               1    298   (13)   29  
  721   14.6  0.0  0.0  Sniffles2.INS.11SAD       1   146    (1) C ACRO1          Satellite/acro      (30)    146      1   30  
 1258   13.7  0.8  0.2  Sniffles2.INS.122S11      7   678    (3) + ALR/Alpha      Satellite/centr        1    676    (4)   31  
 1229   15.1  0.7  0.0  Sniffles2.INS.123S11      9   338    (1) + ALR/Alpha      Satellite/centr        1    332    (2)   32  
  229   18.2 13.5  1.0  Sniffles2.INS.124S24      6    94   (78) C SVA_E          Retroposon/SVA    (1172)    210    111   33  
 1220   13.3  0.5  0.0  Sniffles2.INS.12AS11      7   338    (2) + ALR/Alpha      Satellite/centr        1    333    (2)   34  
   18   14.6  8.8  1.6  Sniffles2.INS.12AS24      3    59    (0) + (CTCCTCCT)n    Simple_repeat          1     61    (0)   35  
 1382    9.4  0.0  0.0  Sniffles2.INS.12BS11      7   343    (0) + ALR/Alpha      Satellite/centr        1    337    (1)   36  
   34    0.0  2.5  2.5  Sniffles2.INS.12S17      12    51    (0) + (TTCT)n        Simple_repeat          1     40    (0)   37  
 2871    1.0  0.0  0.3  Sniffles2.INS.12S4       16   324    (0) + AluYb8         SINE/Alu               1    308   (10)   38  
  921    8.8  0.0  0.0  Sniffles2.INS.12SAD       1   146    (1) C ACRO1          Satellite/acro      (59)    146      1   39  
   22    7.3  1.9 10.0  Sniffles2.INS.138S37      5    58    (0) + (CTC)n         Simple_repeat          1     50    (0)   40  
   13   29.0  2.0  0.0  Sniffles2.INS.138SBF     11    60   (72) + A-rich         Low_complexity         1     51    (0)   41  
  158   15.2  6.6  3.5  Sniffles2.INS.13BS5       1   440    (6) + (TA)n          Simple_repeat          1    453    (0)   42  
  258   17.1  0.0  0.0  Sniffles2.INS.13S2B       3    43    (7) + AluYk2         SINE/Alu             232    272   (39)   43  
  475    8.1  0.0  0.0  Sniffles2.INS.13S8        7    68    (1) + BSR/Beta       Satellite             27     88   (48)   44  
 1058    8.3  0.0  0.3  Sniffles2.INS.13SAD       2   294    (0) C ACRO1          Satellite/acro       (0)    292      1   45  
  290   13.2  0.0  0.0  Sniffles2.INS.143S6       8    45   (10) C SVA_C          Retroposon/SVA    (1011)    373    336   46  
 1072    5.8  3.4  2.8  Sniffles2.INS.144S11      3   180   (15) C L1P3           LINE/L1           (1163)   4983   4805   47  
   46    2.3  0.0  0.0  Sniffles2.INS.147S0      10    53    (0) + (AT)n          Simple_repeat          1     44    (0)   48  
   19   22.8  3.9  0.0  Sniffles2.INS.147S5      41    91   (28) + (TG)n          Simple_repeat          1     53    (0)   49  
   35   14.1  3.2  5.4  Sniffles2.INS.148S31      4    98    (1) + (TTTCAT)n      Simple_repeat          1     93    (0)   50  
   40    3.9 11.4  0.0  Sniffles2.INS.148S5       5    83    (0) + (TA)n          Simple_repeat          1     88    (0)   51  
  282   14.8 14.6  1.1  Sniffles2.INS.14BSBF     77   158  (300) C MLT2D          LTR/ERVL             (0)    560    468   52  
 1124   12.0  2.3  5.4  Sniffles2.INS.14S1C       3   558    (1) + HSATII         Satellite              1    538    (1)   53  
  610   20.0  2.6  0.0  Sniffles2.INS.14S5       53   167  (503) C MER30          DNA/hAT-Charlie    (112)    118      1   54  
  668   19.0  1.7  0.0  Sniffles2.INS.14S5      186   301  (369) C MER30          DNA/hAT-Charlie    (112)    118      1   54  
  637   20.7  1.7  0.0  Sniffles2.INS.14S5      320   435  (235) C MER30          DNA/hAT-Charlie    (112)    118      1   54  
  652   19.8  1.7  0.0  Sniffles2.INS.14S5      454   569  (101) C MER30          DNA/hAT-Charlie    (112)    118      1   54  
  442   18.3  2.4  0.0  Sniffles2.INS.14S5      588   669    (1) C MER30          DNA/hAT-Charlie    (112)    118     35   55  
 1196   12.4  0.1  0.9  Sniffles2.INS.14S6F       1   339    (4) C ALR/Alpha      Satellite/centr     (21)    336      1   56  
  583   17.0  0.0  0.0  Sniffles2.INS.14S8        1   135    (0) + BSR/Beta       Satellite              1    135    (2)   57  
 1058    8.2  0.0  3.6  Sniffles2.INS.14SAD       1   441    (0) C ACRO1          Satellite/acro      (28)    425      1   58  
   42    4.7  0.0  0.0  Sniffles2.INS.156SF       1    45    (5) + (TA)n          Simple_repeat          1     45    (0)   59  
   99    0.0  0.0  0.0  Sniffles2.INS.15BS37      1    87    (0) + (G)n           Simple_repeat          1     87    (0)   60  
   12   19.9  0.0  0.0  Sniffles2.INS.15S34       6    34  (899) + (TTTAT)n       Simple_repeat          1     29    (0)   61  
 6447    1.1  0.0  0.4  Sniffles2.INS.15S34      35   757  (176) C L1HS           LINE/L1              (0)   6155   5436   62  
   17   20.2  0.0  0.0  Sniffles2.INS.15S34     758   791  (142) + A-rich         Low_complexity         1     34    (0)   63  
  345   20.5  3.3 10.6  Sniffles2.INS.15S58       1   245    (0) C HSATII         Satellite           (23)    227      1   64  
 1033   16.5  0.8  0.9  Sniffles2.INS.15S6F       4  1367    (0) C ALR/Alpha      Satellite/centr     (46)   1363      1   65  
  370   16.9  1.5  0.0  Sniffles2.INS.15S8        1    65    (0) + BSR/Beta       Satellite             56    121   (15)   66  
 1055    8.0  0.0  0.0  Sniffles2.INS.15SAD       1   293  (589) C ACRO1          Satellite/acro       (0)    293      1   67  
  593   21.5  0.0  0.0  Sniffles2.INS.15SAD     592   854   (28) C ACRO1          Satellite/acro      (31)    263      1   68  
   37    1.4 14.7  0.0  Sniffles2.INS.161SF       1    75    (3) + (TA)n          Simple_repeat          1     86    (0)   69  
  284    8.6  0.0  0.0  Sniffles2.INS.163S4      29    63    (1) C THE1D-int      LTR/ERVL-MaLR      (789)    842    808   70  
   13   15.3  0.0 10.0  Sniffles2.INS.165S5      20    63    (1) + (ATAC)n        Simple_repeat          1     40    (0)   71  
 1132   11.2  2.4  2.8  Sniffles2.INS.16S1C       1    15  (401) + HSATII         Satellite              1     16  (396)   72  
   28    2.6  0.0  7.1  Sniffles2.INS.16S1C      16    60  (356) + (ATTCCATTCG)n  Simple_repeat          1     42    (0)   73  
 1132   11.2  2.4  2.8  Sniffles2.INS.16S1C      61   414    (2) + HSATII         Satellite             17    412    (0)   72  
  432    3.7  0.0  0.0  Sniffles2.INS.16S2B      14    67    (0) + Alu            SINE/Alu               2     55   (78)   74  
  652   19.8  1.7  0.0  Sniffles2.INS.16S5        1   116  (420) C MER30          DNA/hAT-Charlie    (112)    118      1   75  
  642   19.3  2.6  0.0  Sniffles2.INS.16S5      135   248  (288) C MER30          DNA/hAT-Charlie    (113)    117      1   75  
  637   20.7  1.7  0.0  Sniffles2.INS.16S5      267   382  (154) C MER30          DNA/hAT-Charlie    (112)    118      1   75  
  628   20.7  1.7  0.0  Sniffles2.INS.16S5      401   516   (20) C MER30          DNA/hAT-Charlie    (112)    118      1   75  
  251   14.8  6.0  3.5  Sniffles2.INS.16S58       4    87    (7) C HSATII         Satellite           (38)    132     47   76  
   38    0.0  0.0  0.0  Sniffles2.INS.16S5D      32    66    (2) + (GAATG)n       Simple_repeat          1     35    (0)   77  
 1349    0.0  0.0  0.0  Sniffles2.INS.16S6F      14   182    (0) + AluY           SINE/Alu             161    311    (0)   78  
  508   17.3  0.0  0.0  Sniffles2.INS.16S8       30   135    (2) + BSR/Beta       Satellite              1    106    (0)   79  
  855   15.2  0.0  0.0  Sniffles2.INS.16SB0       5   168    (0) + ALR/Alpha      Satellite/centr        1    164    (0)   80  
  798   14.3  4.7  5.1  Sniffles2.INS.16SBD       1   400    (4) + BSR/Beta       Satellite              1    398    (0)   81  
  335    7.5  0.0  0.0  Sniffles2.INS.17ESF      19    58    (0) C L1P3           LINE/L1           (5558)    903    864   82  
 1133   11.2 11.3  0.3  Sniffles2.INS.17S6        1   387    (2) + GSATII         Satellite/centr        1    429    (0)   83  
  778    7.9  1.0  0.5  Sniffles2.INS.17S8        1   136    (0) + BSR/Beta       Satellite              1    136    (0)   84  
 1093   15.3  0.3  0.1  Sniffles2.INS.17SB0       1   491   (21) + ALR/Alpha      Satellite/centr        1    492    (0)   85  
  229   27.4  0.0  0.0  Sniffles2.INS.17SBD       1    62    (5) + BSR/Beta       Satellite             45    106   (30)   86  
 2276    3.2  0.3  1.8  Sniffles2.INS.188S22     10   323    (0) C AluY           SINE/Alu             (0)    301      1   87  
  554   13.8  5.8  0.0  Sniffles2.INS.18DS0       1    87   (34) C AluY           SINE/Alu           (195)    106     15   88  
  784   16.3  0.0  0.9  Sniffles2.INS.18S8        1   205    (1) + BSR/Beta       Satellite              1    203    (0)   89  
  515   18.7  1.0  0.0  Sniffles2.INS.18SBD       4   134    (2) + BSR/Beta       Satellite              1    132    (0)   90  
 1025   14.0  0.8  0.4  Sniffles2.INS.194S33      3   496   (11) + ALR/Alpha      Satellite/centr        1    495    (0)   91  
   99   25.4  2.3  0.0  Sniffles2.INS.197S37      1   265    (3) + (AT)n          Simple_repeat          1    271    (0)   92  
 2641    1.9  0.0  1.3  Sniffles2.INS.19ES11     12   326   (16) + AluY           SINE/Alu               1    311    (0)   93  
  317   18.9  0.0  0.0  Sniffles2.INS.19S2B       1    53    (5) + Alu            SINE/Alu              92    144   (22)   94  
  470   10.6  0.0  0.0  Sniffles2.INS.19SBD       1    66    (0) + BSR/Beta       Satellite             12     77   (59)   95  
 1002   13.2  0.6  0.0  Sniffles2.INS.1A1S33      1   166    (4) + ALR/Alpha      Satellite/centr        5    171    (0)   96  
   54    3.1  9.6  1.8  Sniffles2.INS.1A5S0     123   226   (10) + (TC)n          Simple_repeat          1    112    (0)   97  
   13   21.6  2.0  6.1  Sniffles2.INS.1A8S0       1    51    (1) + (TCCCCC)n      Simple_repeat          1     49    (0)   98  
  287    8.0  6.0  0.0  Sniffles2.INS.1A8S23      3    52    (4) + L1P1           LINE/L1             3830   3882 (2264)   99  
 2232    2.5  0.3  3.6  Sniffles2.INS.1AFS17     13   327    (0) C AluY           SINE/Alu             (0)    301      1  100  
   13   17.7  5.3  0.0  Sniffles2.INS.1AFS39      7    44   (20) + A-rich         Low_complexity         1     40    (0)  101  
  356   20.0  3.3  0.0  Sniffles2.INS.1AS2B       1    60    (7) + AluJb          SINE/Alu             228    289   (23)  102  
  724   13.8  1.6  2.4  Sniffles2.INS.1AS6       22   147  (112) C FLAM_C         SINE/Alu             (0)    133      9  103  
  380   13.0  1.9  5.9  Sniffles2.INS.1AS6      148   253    (6) C L1M            LINE/L1            (793)   5390   5289  104  
  368   21.9  0.0 20.9  Sniffles2.INS.1ASBD       9   135    (2) + BSR/Beta       Satellite             28    132    (4)  105  
  388   13.2  0.0  0.0  Sniffles2.INS.1B0S18      3    55  (111) C MSTB1          LTR/ERVL-MaLR      (359)     73     21  106 *
  602    7.2  1.2  0.0  Sniffles2.INS.1B0S18     50   132   (34) C MSTA           LTR/ERVL-MaLR      (317)    111     28  107  
  262    3.0  0.0  0.0  Sniffles2.INS.1B0S18    133   165    (1) C MSTA           LTR/ERVL-MaLR      (317)    111     79  108  
   16   11.3  7.1  4.7  Sniffles2.INS.1B1S39      1    42   (12) + (AT)n          Simple_repeat          1     43    (0)  109  
  193   27.8  0.0  3.7  Sniffles2.INS.1B2S39    178   233   (69) + L2a            LINE/L2             3373   3426    (0)  110  
   35    2.2  4.1  2.0  Sniffles2.INS.1B6S4       2    50   (47) + (TGTGCTGCTG)n  Simple_repeat          1     50    (0)  111  
   14    7.0  6.2  3.0  Sniffles2.INS.1B6S4      61    92    (5) + (CTG)n         Simple_repeat          1     33    (0)  112  
   26    2.1  7.7  3.7  Sniffles2.INS.1BBS22      1    52    (1) + (ATGAG)n       Simple_repeat          1     54    (0)  113  
   15    6.3  5.4  5.4  Sniffles2.INS.1BCS39      1    37   (56) + (ATATTT)n      Simple_repeat          1     37    (0)  114  
   73    0.0  1.4  1.4  Sniffles2.INS.1BDS13      1    73    (0) + (AAAG)n        Simple_repeat          1     73    (0)  115  
  614   12.9  9.4  1.1  Sniffles2.INS.1BES22      1  1517    (2) + A-rich         Low_complexity         1   1641    (0)  116  
   36   16.9  0.0  0.0  Sniffles2.INS.1BS5D      10   109    (1) + (GAATG)n       Simple_repeat          1    100    (0)  117  
  370   17.1  1.4  0.0  Sniffles2.INS.1BS8        1    70    (0) + BSR/Beta       Satellite             62    132    (4)  118  
  514   17.9 11.6  2.6  Sniffles2.INS.1BSBD       3   208    (2) + BSR/Beta       Satellite              1    224    (4)  119  
   27   15.7  0.0  8.1  Sniffles2.INS.1C2S0       2    68    (0) + (AT)n          Simple_repeat          1     62    (0)  120  
  661   12.4  9.7  1.6  Sniffles2.INS.1C2S3A      3  1680    (0) + (ATGAA)n       Simple_repeat          1   1812    (0)  121  
   35   10.7  4.9  0.0  Sniffles2.INS.1C3S35      1    61    (3) + (TA)n          Simple_repeat          1     64    (0)  122  
  780    6.6  0.0  0.0  Sniffles2.INS.1CS58       1   111    (1) + ALR/Alpha      Satellite/centr        1    111    (0)  123  
   22   28.4  0.0  0.0  Sniffles2.INS.1CS5D       5    72    (8) + (AATGG)n       Simple_repeat          1     68    (0)  124  
  872   11.8  0.0  1.2  Sniffles2.INS.1CS8        1   205    (0) + BSR/Beta       Satellite              1    202    (1)  125  
  781   14.9  1.4  1.2  Sniffles2.INS.1CSBD       3   540    (0) + BSR/Beta       Satellite              1    538    (0)  126  
  302    4.9  9.8  0.0  Sniffles2.INS.1D1S4       4    64    (1) C L1PB           LINE/L1           (2129)   4017   3951  127  
  190    0.5  5.5  0.9  Sniffles2.INS.1D2S17      1   217    (0) + (AT)n          Simple_repeat          1    227    (0)  128  
 2757    0.3  0.0  0.0  Sniffles2.INS.1D2S37     11   323    (0) C AluYb9         SINE/Alu             (0)    318      1  129  
  431    5.4  0.0  3.6  Sniffles2.INS.1D4S22     20    77    (0) C L1P4           LINE/L1            (574)   5587   5532  130  
   22   20.9  0.0  0.0  Sniffles2.INS.1D7S0      44    87   (59) + A-rich         Low_complexity         1     44    (0)  131  
   13   16.1  0.0  0.0  Sniffles2.INS.1D7S38     28    55    (7) + (AATA)n        Simple_repeat          1     28    (0)  132  
   91    0.9  6.6  0.0  Sniffles2.INS.1DAS37      1   106    (0) + (TA)n          Simple_repeat          1    113    (0)  133  
   42    4.7  1.4  5.6  Sniffles2.INS.1DBS5       1    74    (1) + (ATATAA)n      Simple_repeat          1     71    (0)  134  
 2652    1.1  0.0  0.0  Sniffles2.INS.1DCS37     12   332    (0) C AluYk2         SINE/Alu             (0)    311      1  135  
   34    4.0  7.7  0.0  Sniffles2.INS.1DS17       4    55    (0) + (AT)n          Simple_repeat          1     56    (0)  136  
  333   17.9  6.6  9.8  Sniffles2.INS.1DS5D      15   283    (3) C HSATII         Satellite            (7)    260      1  137  
  430   14.1  0.0  0.0  Sniffles2.INS.1DS8        2    65    (2) + BSR/Beta       Satellite             49    112   (24)  138  
  923   12.9  0.2  1.9  Sniffles2.INS.1DSBD       2  1152    (0) + BSR/Beta       Satellite              1   1131    (1)  139  
   93   10.6  8.6  0.0  Sniffles2.INS.1E1S0       1   186   (10) + GA-rich        Low_complexity         1    202    (0)  140  
  727   16.9  0.4  0.0  Sniffles2.INS.1E7S33      1   168    (2) + ALR/Alpha      Satellite/centr        1    168    (0)  141  
  727   16.9  0.4  0.0  Sniffles2.INS.1E9S33      1   168    (2) + ALR/Alpha      Satellite/centr        1    168    (0)  142  
 1056    9.6  0.0  0.7  Sniffles2.INS.1E9S4       1   136    (0) + AluSq          SINE/Alu              23    157  (156)  143  
 2835    0.6  0.0  1.3  Sniffles2.INS.1EBS4      13   323    (1) C AluYa5         SINE/Alu             (4)    307      1  144  
   44    7.3  2.6  2.6  Sniffles2.INS.1EFS38      1    76    (2) + (TA)n          Simple_repeat          1     76    (0)  145  
 1105   12.7  0.6  0.6  Sniffles2.INS.1ES24       2   853    (1) + ALR/Alpha      Satellite/centr        1    852    (8)  146  
   38   21.0  0.0  0.0  Sniffles2.INS.1ES2B       2    84    (1) + (GAATG)n       Satellite              1     83    (0)  147  
  394   17.5  8.0  7.0  Sniffles2.INS.1ES5D      10   469    (2) C HSATII         Satellite            (2)    464      1  148  
  377   15.2  0.0  1.5  Sniffles2.INS.1ESBD       2    68    (1) + BSR/Beta       Satellite              1     66   (70)  149  
   53    2.0  0.0  0.0  Sniffles2.INS.1F2S37      1    50    (6) + (AT)n          Simple_repeat          1     50    (0)  150  
 1658   20.1 11.1  1.0  Sniffles2.INS.1F3S17      3   534    (6) C L1MEc          LINE/L1           (3513)   2808   2228  151  
   19   28.1  1.8  0.0  Sniffles2.INS.1F9S31      1    56    (3) + (TA)n          Simple_repeat          1     57    (0)  152  
  248   10.7  0.0  4.3  Sniffles2.INS.1FES39      1    49    (2) C L1PB           LINE/L1           (3676)   2470   2424  153  
   23   21.3  0.0  0.0  Sniffles2.INS.1FS2B       1    54    (1) + (AATGG)n       Simple_repeat          1     54    (0)  154  
   31    7.4  0.0  0.0  Sniffles2.INS.1FS5D       6    48   (17) + (GAATG)n       Simple_repeat          1     43    (0)  155  
  939   11.3  0.5  5.2  Sniffles2.INS.1FS8        1   342    (1) + BSR/Beta       Satellite              1    325    (0)  156  
  335   16.9  1.5  0.0  Sniffles2.INS.1FSBD       3    67    (0) + BSR/Beta       Satellite             29     94   (42)  157  
   51   10.4 11.3  0.0  Sniffles2.INS.1S2A        1   124    (0) + (ATTTC)n       Simple_repeat          1    138    (0)  158  
  330   17.9  0.0  0.0  Sniffles2.INS.1S2B       17    72    (4) + Alu            SINE/Alu              89    144   (22)  159  
  274   17.1 12.9  0.0  Sniffles2.INS.1S32        3    72    (0) + L1MB2          LINE/L1             5976   6054  (117)  160  
  922   14.8  0.6  0.0  Sniffles2.INS.1S5D        5   166    (4) + ALR/Alpha      Satellite/centr        1    163    (8)  161  
  900    1.0  0.0  0.0  Sniffles2.INS.1SA5       14   148    (0) + AluYb8         SINE/Alu             213    318    (0)  162  
   71    2.9  0.0  0.0  Sniffles2.INS.1SA8        1    72    (0) + (GGAA)n        Simple_repeat          1     72    (0)  163  
 1131   15.8  0.6  0.2  Sniffles2.INS.1SAA        1   681    (0) + ALR/Alpha      Satellite/centr        1    683    (0)  164  
   35   14.4  6.3  0.0  Sniffles2.INS.202S17      1    79    (0) + (TATA)n        Simple_repeat          1     84    (0)  165  
 3024    0.0  0.0  0.0  Sniffles2.INS.202S38     17   332    (0) + AluYb8         SINE/Alu               1    316    (2)  166  
   31   14.2  6.2  0.0  Sniffles2.INS.207S3A      1    64    (2) + (TC)n          Simple_repeat          1     68    (0)  167  
   28    6.3  1.7  7.3  Sniffles2.INS.208S31      4    61    (2) + A-rich         Low_complexity         1     55    (0)  168  
   63    3.7  5.7  4.8  Sniffles2.INS.209S38      1   123    (2) + (AT)n          Simple_repeat          1    124    (0)  169  
   28   19.4  4.2  1.4  Sniffles2.INS.20BS39      3    74   (40) + (AT)n          Simple_repeat          1     74    (0)  170  
   14   25.6  1.7  3.5  Sniffles2.INS.20BS39     49   107    (7) + (TATTTG)n      Simple_repeat          1     58    (0)  171 *
  225   12.8  0.0  0.0  Sniffles2.INS.20CS4       1   344    (0) + (A)n           Simple_repeat          1    344    (0)  172  
   78    7.2  9.7  0.0  Sniffles2.INS.20FS35      2   146    (3) + (TA)n          Simple_repeat          1    159    (0)  173  
  779   14.2  0.0  0.8  Sniffles2.INS.20S25       1   168    (2) + ALR/Alpha      Satellite/centr        1    166    (0)  174  
   43   28.9  0.0  0.0  Sniffles2.INS.20S2B       3   125    (0) + (GAATG)n       Satellite              1    123    (0)  175  
  400   15.5  2.1 12.7  Sniffles2.INS.20S5D      26   239    (0) C HSATII         Satellite            (0)    191      1  176  
  767    8.6  1.0  0.0  Sniffles2.INS.20S8        5   135    (0) + BSR/Beta       Satellite              1    132    (0)  177  
  384   15.2  0.0  0.0  Sniffles2.INS.20SBD       4    62    (6) + BSR/Beta       Satellite             61    119   (17)  178  
  327   21.1  5.5  1.1  Sniffles2.INS.216S39      1    91   (15) + MLT1H1         LTR/ERVL-MaLR        170    264  (291)  179  
   16   19.6  2.0  4.0  Sniffles2.INS.21CS4     179   229   (14) + A-rich         Low_complexity         1     50    (0)  180  
   19   24.9  3.0  3.0  Sniffles2.INS.21DS0       1    66    (1) + (TA)n          Simple_repeat          1     66    (0)  181  
  145   21.3  3.2  3.7  Sniffles2.INS.21DS1       1   436    (1) + (CA)n          Simple_repeat          1    434    (0)  182  
   45    2.3  0.0  0.0  Sniffles2.INS.21S1C       9    53 (1700) + (CCCTCT)n      Simple_repeat          1     45    (0)  183  
 6324    9.2  2.4  3.5  Sniffles2.INS.21S1C      59  1720   (33) + SVA_F          Retroposon/SVA        44   1373    (2)  184  
   19   14.4  0.0  0.0  Sniffles2.INS.21S1C    1722  1752    (1) + (A)n           Simple_repeat          1     31    (0)  185  
  714   14.1  0.0  1.3  Sniffles2.INS.21S25      12   171    (0) + ALR/Alpha      Satellite/centr        1    157    (1)  186  
   51   21.5  0.0  0.0  Sniffles2.INS.21S2B       5   113    (0) + (TGGAG)n       Simple_repeat          1    109    (0)  187  
  519   16.1  2.7 12.8  Sniffles2.INS.21S5D       1   429   (20) C HSATII         Satellite            (4)    385      1  188  
  707   14.3  0.0  1.5  Sniffles2.INS.21SBD       1   137    (0) + BSR/Beta       Satellite              1    134    (0)  189  
   52   27.6  2.3  2.3  Sniffles2.INS.226S1       3   174    (0) + (TTTCT)n       Simple_repeat          1    172    (0)  190  
   66   11.7 11.0  0.0  Sniffles2.INS.22AS3A      3   156    (1) + GA-rich        Low_complexity         1    171    (0)  191  
 2458    1.1  0.4  0.4  Sniffles2.INS.22S1C      12   282    (0) C AluYg6         SINE/Alu            (14)    297     27  192  
  616   18.4  4.6  9.1  Sniffles2.INS.22S5D       4   629    (5) C HSATII         Satellite            (7)    598      1  193  
  459    9.4  0.0  0.0  Sniffles2.INS.22SBD       2    65    (1) + BSR/Beta       Satellite             31     94   (42)  194  
   26    8.7  6.1  0.0  Sniffles2.INS.231S39     21    69   (21) + (GGCA)n        Simple_repeat          1     52    (0)  195  
   16    0.0  0.0  0.0  Sniffles2.INS.233S17    200   219  (453) + (TAA)n         Simple_repeat          1     20    (0)  196  
  457   24.3 18.6  4.6  Sniffles2.INS.233S17    341   668    (4) + L1ME3G         LINE/L1             5280   5651  (526)  197  
   47    4.3  0.0  0.0  Sniffles2.INS.234S4       3    51    (1) + (TA)n          Simple_repeat          1     49    (0)  198  
  285   25.9  1.2  1.2  Sniffles2.INS.239S4     121   202  (447) C Tigger16b      DNA/TcMar-Tigger     (9)    322    241  199  
 2058   14.3  0.0  1.3  Sniffles2.INS.239S4     275   579   (70) C AluSx          SINE/Alu            (11)    301      1  200  
  277    6.2  8.3  0.0  Sniffles2.INS.23BS31      1    48   (38) C L1P1           LINE/L1            (456)   5699   5648  201 *
  377    8.4  1.1  1.7  Sniffles2.INS.23BS31     18    86    (0) C L1PREC2        LINE/L1            (387)   5773   5702  202  
   31    6.3  3.9  1.9  Sniffles2.INS.23CS0       1    52    (0) + (AT)n          Simple_repeat          1     53    (0)  203  
  400   12.7  0.0  1.6  Sniffles2.INS.23ES1       1    64    (0) + LOR1-int       LTR/ERV1            3793   3855 (4265)  204  
   24    8.7  5.9  1.9  Sniffles2.INS.23ES31      2    52    (2) + (AATAT)n       Simple_repeat          1     53    (0)  205  
 1302   10.1  0.6  0.1  Sniffles2.INS.23S58       1  1874    (0) + ALR/Alpha      Satellite/centr        1   1882    (0)  206  
  841   13.6  0.0  1.1  Sniffles2.INS.23S8        1   199    (7) + BSR/Beta       Satellite              1    196    (0)  207  
  391   12.5  1.6  0.0  Sniffles2.INS.23SBD       1    64    (2) + BSR/Beta       Satellite              3     67   (69)  208  
  739    0.0  1.2  0.0  Sniffles2.INS.240S33     14    94    (0) C AluYa5         SINE/Alu            (10)    301    220  209  
 1242    0.1  0.2  0.7  Sniffles2.INS.242S1       1  1100    (0) + (TTC)n         Simple_repeat          1   1094    (0)  210  
   82   11.0  0.8  0.0  Sniffles2.INS.245S35      1   132    (0) + (TA)n          Simple_repeat          1    133    (0)  211  
  323   12.5  6.2  0.0  Sniffles2.INS.247S1       1    64   (10) + L1PREC2        LINE/L1             2484   2551 (3595)  212  
   22   10.5  0.0  4.7  Sniffles2.INS.24AS35      6    50    (1) + (TGTTT)n       Simple_repeat          1     43    (0)  213  
 1829    9.3  0.9  0.3  Sniffles2.INS.24BS4      18   276    (0) + AluSx          SINE/Alu               1    244   (58)  214  
   21    9.5  0.0  0.0  Sniffles2.INS.24DS17     62    95    (4) + (AATAA)n       Simple_repeat          1     34    (0)  215  
   51    2.0  0.0  0.0  Sniffles2.INS.24DS39      1    51    (0) + (T)n           Simple_repeat          1     51    (0)  216  
   57    4.8  0.0  0.0  Sniffles2.INS.24S2B      13    77   (79) + (GGAAT)n       Simple_repeat          1     65    (0)  217  
  360   16.4  0.0  0.0  Sniffles2.INS.24S2B      91   145   (11) + Alu            SINE/Alu             226    280   (22)  218  
  437   12.7  8.2  4.9  Sniffles2.INS.24S5D      23   180    (0) C HSATII         Satellite            (7)    163      1  219  
  285   22.7  0.0  0.0  Sniffles2.INS.24S8        1    66    (4) + BSR/Beta       Satellite             27     92   (44)  220  
  375   17.9  1.5  0.0  Sniffles2.INS.24SBD       1    67    (1) + BSR/Beta       Satellite             48    115   (21)  221  
   20    9.1  5.7  0.0  Sniffles2.INS.250S31     88   122   (51) + (AC)n          Simple_repeat          1     37    (0)  222  
   35    8.4  0.0  0.0  Sniffles2.INS.250S33      1    51    (5) + (GGATGGAA)n    Simple_repeat          1     51    (0)  223  
   16   12.5  0.0  3.6  Sniffles2.INS.252S33     19    47   (23) + (TC)n          Simple_repeat          1     28    (0)  224  
   31   16.6  3.2  0.0  Sniffles2.INS.255S23      1    62   (11) + (TA)n          Simple_repeat          1     64    (0)  225  
   20   15.0  7.5  0.0  Sniffles2.INS.256S23      6    58    (0) + (TGGA)n        Simple_repeat          1     57    (0)  226  
 2884    0.7  0.0  0.0  Sniffles2.INS.259S33     11   314    (0) + AluY           SINE/Alu               1    304    (7)  227  
   20   16.4  0.0  0.0  Sniffles2.INS.259S37     33    66    (0) + (T)n           Simple_repeat          1     34    (0)  228  
   18   23.6  7.0  1.3  Sniffles2.INS.25DS38      5    75    (1) + (AT)n          Simple_repeat          1     75    (0)  229  
 1054    7.5  0.6  0.0  Sniffles2.INS.25S25       1   290    (1) C ACRO1          Satellite/acro       (1)    291      1  230  
  766   14.7  1.1  0.8  Sniffles2.INS.25S8        1   199    (3) + BSR/Beta       Satellite              1    199    (1)  231  
  908   13.3  0.6  4.1  Sniffles2.INS.25SBD       1   613    (0) + BSR/Beta       Satellite              1    591    (0)  232  
   34   15.8  0.0  0.0  Sniffles2.INS.261S39      2    58    (0) + (T)n           Simple_repeat          1     57    (0)  233  
   23    9.1  7.7  3.7  Sniffles2.INS.263S4       1    52    (1) + (AT)n          Simple_repeat          1     54    (0)  234  
   23   22.1  3.6  0.0  Sniffles2.INS.266S35      2    56    (0) + (TA)n          Simple_repeat          1     57    (0)  235  
  522   16.9  4.8  9.2  Sniffles2.INS.26S5D       1  1310    (0) C HSATII         Satellite           (37)   1252      1  236  
 2800    2.3  0.0  0.0  Sniffles2.INS.26S8       16   318    (0) + AluYb8         SINE/Alu               1    303   (15)  237  
   43    0.0  7.8  0.0  Sniffles2.INS.271S38      1    51    (1) + (AT)n          Simple_repeat          1     55    (0)  238  
 2866   10.1  0.8  0.8  Sniffles2.INS.273S33      1   518    (0) C L1P3           LINE/L1            (496)   5672   5155  239  
 1613    0.1  0.8  0.0  Sniffles2.INS.278S38      1  1407    (0) + (AT)n          Simple_repeat          1   1418    (0)  240  
   17   15.8  4.7  6.3  Sniffles2.INS.27DS33      8    71   (43) + (CCTGC)n       Simple_repeat          1     63    (0)  241  
   17   20.2  3.9  6.7  Sniffles2.INS.27DS33     72    82   (32) + (CTCCT)n       Simple_repeat          3     75    (0)  242  
   14   12.5  2.6  5.3  Sniffles2.INS.27S31       5    43    (9) + (TTTGGTG)n     Simple_repeat          1     38    (0)  243  
  324   19.7  1.5  0.0  Sniffles2.INS.27S8        1    66    (0) + BSR/Beta       Satellite              6     72   (64)  244  
  682   13.8  0.0  8.0  Sniffles2.INS.27SBD       1   136    (0) + BSR/Beta       Satellite              1    125    (4)  245  
   39   15.6  0.0  0.0  Sniffles2.INS.288S35      1    65    (1) + A-rich         Low_complexity         1     65    (0)  246  
  963   11.9  0.0  0.3  Sniffles2.INS.28SBD       6   341    (1) + BSR/Beta       Satellite              1    335    (0)  247  
   22   17.6  0.0  0.0  Sniffles2.INS.290S1      18    56    (5) + (T)n           Simple_repeat          1     39    (0)  248  
  138   10.8  0.4  0.9  Sniffles2.INS.294S33      6   234    (8) + (TA)n          Simple_repeat          1    228    (0)  249  
  288    6.6  6.3  0.5  Sniffles2.INS.295S2       7    60    (2) + LTR5A          LTR/ERVK             441    518  (515)  250  
   38    5.5  1.7  1.7  Sniffles2.INS.299S1       1    59    (0) + (ATATATT)n     Simple_repeat          1     59    (0)  251  
 1196   12.5  0.6  0.2  Sniffles2.INS.29S58       1  1190    (0) C ALR/Alpha      Satellite/centr     (61)   1195      1  252  
  446   10.4  0.0  1.5  Sniffles2.INS.29S8        1    68    (1) + BSR/Beta       Satellite             49    115   (21)  253  
  827   16.4  2.0  2.6  Sniffles2.INS.29SBD       1   534    (2) + BSR/Beta       Satellite              1    530   (16)  254  
  539   26.5  2.8  5.2  Sniffles2.INS.2A2S35     22   236    (0) C L2             LINE/L2            (745)   2674   2465  255  
   36   22.1  0.0  0.0  Sniffles2.INS.2A6S39     12    85    (0) + (AT)n          Simple_repeat          1     74    (0)  256  
   70   13.6  3.7  3.7  Sniffles2.INS.2ADS1       1   161    (0) + (CCTCTC)n      Simple_repeat          1    161    (0)  257  
 1165   12.9  0.3  0.2  Sniffles2.INS.2AS58       1   973    (9) + ALR/Alpha      Satellite/centr        1    974    (0)  258  
  659   17.9  1.4  5.7  Sniffles2.INS.2AS8        8   201    (1) + BSR/Beta       Satellite              1    185    (0)  259  
  450    8.3  0.0  0.0  Sniffles2.INS.2ASBD       1    60    (8) + BSR/Beta       Satellite             23     82   (54)  260  
   36   15.8  0.0  0.0  Sniffles2.INS.2BCS31      1    59    (7) + (TA)n          Simple_repeat          1     59    (0)  261  
   42    7.0 11.5  1.9  Sniffles2.INS.2BCS35      2    97    (0) + (TA)n          Simple_repeat          1    105    (0)  262  
 1852    5.0  0.0  0.0  Sniffles2.INS.2BS25       1   222    (0) + L1PA3          LINE/L1             5862   6083   (72)  263  
 1244   13.7  0.6  0.1  Sniffles2.INS.2BS58       1  3868    (0) + ALR/Alpha      Satellite/centr        1   3886    (0)  264  
  767   14.5  0.8  0.8  Sniffles2.INS.2BS8        2   133    (2) + BSR/Beta       Satellite              1    132    (4)  265  
  234   18.4  0.0  2.0  Sniffles2.INS.2BSBD       1    50   (18) + BSR/Beta       Satellite             66    114   (22)  266  
   61   34.0  1.4  1.4  Sniffles2.INS.2C1S2       1   220    (4) + (TA)n          Simple_repeat          1    220    (0)  267  
  538    4.3  0.0  1.4  Sniffles2.INS.2C9S2       1    70    (0) + L1P2           LINE/L1             1681   1749 (4435)  268  
 3055    3.8  0.3  0.3  Sniffles2.INS.2CS25      35   400    (2) + L1PA3          LINE/L1             5785   6150    (5)  269  
 1245   13.1  0.2  0.3  Sniffles2.INS.2CS58       2  3865    (5) C ALR/Alpha      Satellite/centr     (16)   3860      1  270  
  628   17.2  0.0  1.7  Sniffles2.INS.2CSBD      20   137    (1) + BSR/Beta       Satellite             18    133    (3)  271  
 1172    6.3  0.3  5.6  Sniffles2.INS.2D0S2       1   255    (4) + SVA_D          Retroposon/SVA       594    849  (537)  272  
 2659    1.0  0.0  1.0  Sniffles2.INS.2D4S35     12   318    (0) C AluY           SINE/Alu             (7)    304      1  273  
 1996   13.9  0.7  0.0  Sniffles2.INS.2D5S2     438   725  (350) + AluJb          SINE/Alu               1    290   (22)  274  
   16   19.1  0.0  0.0  Sniffles2.INS.2D5S2     895   924  (151) + (T)n           Simple_repeat          1     30    (0)  275  
  965   11.1  0.0  0.0  Sniffles2.INS.2DS8        1   135    (0) + BSR/Beta       Satellite              1    135    (1)  276  
  267   19.6  0.0  0.0  Sniffles2.INS.2DSBD      10    60    (6) + BSR/Beta       Satellite             34     84   (52)  277  
   28   15.3  3.8  0.0  Sniffles2.INS.2E6S2       1    53    (5) + (TA)n          Simple_repeat          1     55    (0)  278  
   32   18.1  0.0  3.1  Sniffles2.INS.2E6S31      1    67    (0) + (AT)n          Simple_repeat          1     65    (0)  279  
   36    6.2  3.9  0.0  Sniffles2.INS.2E6S38      1    51    (0) + (TA)n          Simple_repeat          1     53    (0)  280  
  338   16.9  0.0  1.5  Sniffles2.INS.2ES3A       1    66   (47) + L1PB3          LINE/L1             5912   5976  (178)  281  
  920   12.6  0.0  0.0  Sniffles2.INS.2ES58       1   170    (0) + ALR/Alpha      Satellite/centr        1    170    (0)  282  
  314   12.5  0.0  0.0  Sniffles2.INS.2FS25       3    50    (0) + ALR/Alpha      Satellite/centr       94    141   (30)  283  
  656    7.5  9.2  0.5  Sniffles2.INS.2FSBD       1   137    (0) + BSR/Beta       Satellite              1    148   (31)  284  
  453   20.2  5.2  5.6  Sniffles2.INS.2S15        1   684   (10) + HSATII         Satellite              1    681    (9)  285  
 2965    0.9  0.0  0.0  Sniffles2.INS.2S2A       10   324    (0) C AluYb8         SINE/Alu             (2)    316      2  286  
  843    5.2  1.4  0.0  Sniffles2.INS.2SA8        1   143    (0) C ACRO1          Satellite/acro      (49)    145      1  287  
  809   14.1  0.0  0.4  Sniffles2.INS.2SAA        1   171    (1) + ALR/Alpha      Satellite/centr        1    170    (0)  288  
  120    4.6  5.9  4.0  Sniffles2.INS.2SB2        2   222    (0) + (TATATAT)n     Simple_repeat          1    225    (0)  289  
   19    3.8  0.0  0.0  Sniffles2.INS.2SBD        3    29   (16) + (TCCAT)n       Simple_repeat          1     27    (0)  290  
   83    8.3  0.0  8.4  Sniffles2.INS.300S35      7   173    (0) + GA-rich        Low_complexity         1    154    (0)  291  
   25   20.1  4.7  3.5  Sniffles2.INS.308S33      2    87    (0) + (CCCT)n        Simple_repeat          1     87    (0)  292  
   39   15.6  2.4  2.4  Sniffles2.INS.30BS31      1    82    (8) + (AT)n          Simple_repeat          1     82    (0)  293  
   23   11.5  8.8  0.0  Sniffles2.INS.30ES33      9    65    (0) + (ATTATAA)n     Simple_repeat          1     62    (0)  294  
 1095   14.0  0.7  0.3  Sniffles2.INS.30S58       1  1018    (1) + ALR/Alpha      Satellite/centr        1   1022    (0)  295  
  858    6.8  6.6  0.4  Sniffles2.INS.30SBD       1   205    (0) + BSR/Beta       Satellite              1    217    (0)  296  
  111    3.6  0.0  0.0  Sniffles2.INS.312S31      1   115    (0) + (T)n           Simple_repeat          1    115    (0)  297  
   17   21.7  3.2  3.2  Sniffles2.INS.312S33     35    96    (2) + (TTATT)n       Simple_repeat          1     62    (0)  298  
  171   20.5  1.1  0.3  Sniffles2.INS.315S1       6   370    (1) + (TATATA)n      Simple_repeat          1    368    (0)  299  
  102   27.2  2.0  0.3  Sniffles2.INS.318S1       8   301    (5) + (AT)n          Simple_repeat          1    299    (0)  300  
 2637    1.4  0.0  0.0  Sniffles2.INS.31AS38     12   321    (0) C AluYk2         SINE/Alu             (0)    311      1  301  
  297   27.1  0.0  0.0  Sniffles2.INS.31ES22     52   121   (54) + ERVL-E-int     LTR/ERVL            1391   1460 (4207)  302  
  503    4.8  0.0  0.0  Sniffles2.INS.31S58       1    63    (0) + ALR/Alpha      Satellite/centr       50    112   (59)  303  
  454    6.3  1.6  1.6  Sniffles2.INS.31S8        5    68    (1) + BSR/Beta       Satellite             41    104   (32)  304  
  445   22.7  0.0  1.1  Sniffles2.INS.31SBD       2   136    (0) + BSR/Beta       Satellite              1    133    (0)  305  
  291    0.0  0.0  2.1  Sniffles2.INS.32AS35      1    49    (1) + SVA_F          Retroposon/SVA       704    751  (624)  306  
  382   11.9  1.7  0.0  Sniffles2.INS.32SBD       5    63    (2) + BSR/Beta       Satellite             28     87   (49)  307  
   26    8.2  1.7  7.1  Sniffles2.INS.333S31      1    59    (0) + (TGTGTGG)n     Simple_repeat          1     56    (0)  308  
10418    3.1  0.9  0.1  Sniffles2.INS.33AS31      1  1528    (0) + L1HS           LINE/L1             1188   2730 (3591)  309  
 1165   12.7  0.1  0.1  Sniffles2.INS.33S24       2   684    (0) + ALR/Alpha      Satellite/centr        1    683    (0)  310  
  976   11.4  0.4  2.2  Sniffles2.INS.33S8        1   887    (2) + BSR/Beta       Satellite              1    871    (0)  311  
  436   10.8  0.0  1.5  Sniffles2.INS.33SBD       1    66    (0) + BSR/Beta       Satellite             56    120   (16)  312  
   69   14.3  5.1  0.0  Sniffles2.INS.342S2       1   138    (0) + (AT)n          Simple_repeat          1    145    (0)  313  
  740   10.1  0.5  4.0  Sniffles2.INS.34SBD       1   134    (0) + BSR/Beta       Satellite              1    129    (0)  314  
   51    0.0  2.0  0.0  Sniffles2.INS.353S2       1    50    (1) + (TCTTT)n       Simple_repeat          1     51    (0)  315  
   41   10.2  4.0  0.0  Sniffles2.INS.357S33      1    74    (1) + (TTGTTTT)n     Simple_repeat          1     77    (0)  316  
  284   20.9  0.0  1.5  Sniffles2.INS.35SBD       1    68    (1) + BSR/Beta       Satellite             66    132    (4)  317  
  477    2.4  1.2  1.2  Sniffles2.INS.364S2       5    89    (0) C SVA_F          Retroposon/SVA     (592)    783    699  318  
   41    0.0  4.8  0.0  Sniffles2.INS.364S22     12    53   (57) + (AC)n          Simple_repeat          1     44    (0)  319  
   22   13.6  2.4  0.0  Sniffles2.INS.364S22     55   105    (5) + (ATAT)n        Simple_repeat          1     52    (0)  320  
   35   14.6  9.9  2.5  Sniffles2.INS.36BS33     12   122    (0) + (TA)n          Simple_repeat          1    119    (0)  321  
  624   18.6  0.3  1.8  Sniffles2.INS.36SBD       4   202    (3) + BSR/Beta       Satellite              1    195    (0)  322  
  228    0.0  7.6  0.0  Sniffles2.INS.378S22      2   264    (0) + (TA)n          Simple_repeat          1    283    (0)  323  
  444   10.9  0.0  0.0  Sniffles2.INS.37SBD       2    65    (1) + BSR/Beta       Satellite             31     94   (42)  324  
  370    0.9  0.3  0.3  Sniffles2.INS.385S22      1   335    (0) + (TA)n          Simple_repeat          1    335    (0)  325  
   12   14.2  0.0  8.8  Sniffles2.INS.389S2       2    38   (18) + (ATATA)n       Simple_repeat          1     34    (0)  326  
   23   15.9  5.4  0.0  Sniffles2.INS.389S2      39    56    (0) + (TATA)n        Simple_repeat          2     59    (0)  327  
  370   15.2  1.5  0.0  Sniffles2.INS.389S31     25    90   (34) + L1M1           LINE/L1              251    317 (7248)  328  
  370   15.2  1.5  0.0  Sniffles2.INS.38AS31     22    87   (37) + L1M1           LINE/L1              251    317 (7248)  329  
  289   20.7  0.0  0.0  Sniffles2.INS.38S8        8    65    (2) + BSR/Beta       Satellite             28     85   (51)  330  
   39   16.8  3.8  0.0  Sniffles2.INS.395S22      1    80    (0) + (AT)n          Simple_repeat          1     83    (0)  331  
   26    9.2  6.5  0.0  Sniffles2.INS.396S22      1    46    (4) + (TA)n          Simple_repeat          1     49    (0)  332  
   66   14.5  4.7  0.0  Sniffles2.INS.397S22      1   129    (0) + (TA)n          Simple_repeat          1    135    (0)  333  
   19   13.3  5.9  1.9  Sniffles2.INS.39CS22      5    55    (5) + A-rich         Low_complexity         1     53    (0)  334  
 1149   13.9  1.1  0.7  Sniffles2.INS.39S25       1  1871    (1) + ALR/Alpha      Satellite/centr        1   1877    (0)  335  
 2063   12.7  1.0  0.6  Sniffles2.INS.39S58      14   323   (38) + AluSx          SINE/Alu               2    312    (0)  336  
  366   17.4  0.0  0.0  Sniffles2.INS.3AS25       1    69    (1) + ALR/Alpha      Satellite/centr       44    112   (59)  337  
  855   11.5  0.3  8.9  Sniffles2.INS.3ASBD       2   342    (0) + BSR/Beta       Satellite              1    311    (0)  338  
   54    5.1  0.0  1.6  Sniffles2.INS.3BBS33      5    68    (7) + (AT)n          Simple_repeat          1     63    (0)  339  
 3042    0.0  0.0  0.0  Sniffles2.INS.3BES0      15   360    (0) + AluYb8         SINE/Alu               1    318    (0)  340  
  455   20.0  1.1  0.0  Sniffles2.INS.3BS25       6   100    (0) + ALR/Alpha      Satellite/centr       32    127   (44)  341  
  830   14.3  0.9  7.0  Sniffles2.INS.3BSBD       1   608    (1) + BSR/Beta       Satellite              1    570    (0)  342  
 1852    5.0  0.0  0.0  Sniffles2.INS.3CS25       1   222    (0) C L1PA3          LINE/L1             (72)   6083   5862  343  
  441    4.8  3.1  1.5  Sniffles2.INS.3D3S33      1    64   (62) + AluSx          SINE/Alu              47    111  (191)  344  
   16   20.3  0.0  4.3  Sniffles2.INS.3D3S33     78   126    (0) + (CCTCCCC)n     Simple_repeat          1     47    (0)  345  
 3080    4.4  0.0  0.0  Sniffles2.INS.3DS25       3   368   (33) C L1PA3          LINE/L1              (5)   6150   5785  346  
   60   10.2  7.8  0.0  Sniffles2.INS.3DSBF       1   116    (2) + (AT)n          Simple_repeat          1    125    (0)  347  
   60    7.1  2.2  0.0  Sniffles2.INS.3E3S22      6    94    (0) + (AAGG)n        Simple_repeat          1     91    (0)  348  
   93   21.4  1.3  1.8  Sniffles2.INS.3E4S22      1   228    (1) + GA-rich        Low_complexity         1    227    (0)  349  
   23   15.0  5.6  1.8  Sniffles2.INS.3E9S22     16    69   (30) + (TA)n          Simple_repeat          1     56    (0)  350  
  391   10.7  0.0  0.0  Sniffles2.INS.3ES58       1    56    (0) + 5S             rRNA                  48    103   (18)  351  
  682   15.6  0.0  0.0  Sniffles2.INS.3ES8        2   189   (10) + BSR/Beta       Satellite              1    188    (2)  352  
  302   20.0  0.0  1.5  Sniffles2.INS.3ESBD       2    67    (0) C BSR/Beta       Satellite           (41)     95     31  353  
  739   14.9  0.0  6.6  Sniffles2.INS.3FS8        4   243   (10) + BSR/Beta       Satellite              1    224    (0)  354  
  369   16.4  0.0  0.0  Sniffles2.INS.3FSBD       1    67    (1) C BSR/Beta       Satellite           (61)     75      9  355  
 1065   13.2  0.4  0.0  Sniffles2.INS.3S2F        1   340    (1) + ALR/Alpha      Satellite/centr        1    341    (0)  356  
 1034   16.1  0.0  0.3  Sniffles2.INS.3S30        1   341    (1) + ALR/Alpha      Satellite/centr        1    340    (0)  357  
 1028    9.5  0.0  0.4  Sniffles2.INS.3S8         1   204    (1) + BSR/Beta       Satellite              1    203    (0)  358  
   22   20.8  0.0  0.0  Sniffles2.INS.3SB9        1    50    (5) + (CCATT)n       Simple_repeat          1     50    (0)  359  
   54    3.2  0.0  0.0  Sniffles2.INS.402S22      1    64    (0) + (A)n           Simple_repeat          1     64    (0)  360  
 1205   17.1  3.6  0.0  Sniffles2.INS.404S22      7   258    (0) C L1M3b          LINE/L1           (4542)   1739   1479  361  
  743   17.3  2.1  3.6  Sniffles2.INS.40S8        1   655   (10) + BSR/Beta       Satellite              1    645    (0)  362  
  365   17.2  0.0  1.6  Sniffles2.INS.40SBD       4    68    (1) C BSR/Beta       Satellite           (29)    107     44  363  
 1597   18.2  8.2  0.7  Sniffles2.INS.410S22      1   832    (0) + L1MA9          LINE/L1             5000   6005  (307)  364  
 1257    2.1  0.0  0.7  Sniffles2.INS.412S0      16   156    (0) + AluYe5         SINE/Alu             157    296   (14)  365  
 1014    0.0  0.5  0.0  Sniffles2.INS.415S22     17   888    (0) + (TA)n          Simple_repeat          1    876    (0)  366  
  200    6.4 11.3  0.5  Sniffles2.INS.419S0       3   399    (1) + (TA)n          Simple_repeat          1    440    (0)  367  
   33    0.0  0.0  0.0  Sniffles2.INS.41CS0      21    56    (0) + (A)n           Simple_repeat          1     36    (0)  368  
  307   21.5  1.5  0.0  Sniffles2.INS.41S8        3    67    (1) + BSR/Beta       Satellite             23     88   (48)  369  
   87    7.2  1.8 12.6  Sniffles2.INS.42AS33      1   229    (0) + (CCCTT)n       Simple_repeat          1    207    (0)  370  
   27   21.2  0.0  0.0  Sniffles2.INS.42S24       1    60    (0) + (TCTC)n        Simple_repeat          1     60    (0)  371  
  627   16.2  0.0  1.0  Sniffles2.INS.42S8        1   137    (0) + BSR/Beta       Satellite              1    135    (0)  372  
  579   18.1  0.0  1.0  Sniffles2.INS.42SBD       4   135    (2) C BSR/Beta       Satellite           (24)    130      1  373  
  229   17.5  2.5  0.0  Sniffles2.INS.43CS22     83   122   (10) + FRAM           SINE/Alu             108    148   (28)  374  
   29   17.1  5.7  1.4  Sniffles2.INS.43S23       1    70  (237) + (CT)n          Simple_repeat          1     73    (0)  375  
  419   20.3 10.5  0.8  Sniffles2.INS.43S23      75   188  (119) C LTR16A1        LTR/ERVL            (66)    390    266  376  
   46    2.1  0.0  2.0  Sniffles2.INS.43S24       1    51    (0) + (GGTGG)n       Simple_repeat          1     50    (0)  377  
  837   13.7  0.0  1.1  Sniffles2.INS.43S8        7   205    (1) + BSR/Beta       Satellite              1    196    (0)  378  
  409   11.5  1.6  0.0  Sniffles2.INS.43SBD       6    66    (1) C BSR/Beta       Satellite           (61)     75     14  379  
   29    2.6  5.1  0.0  Sniffles2.INS.44S24      10    48    (4) + (TCTCTG)n      Simple_repeat          1     41    (0)  380  
  724   14.7  1.0  0.0  Sniffles2.INS.44S8        2   132    (3) + BSR/Beta       Satellite              1    132    (1)  381  
  458    8.3  0.0  0.0  Sniffles2.INS.44SBD       6    65    (1) C BSR/Beta       Satellite           (40)     96     37  382  
   66   15.4  0.0  0.0  Sniffles2.INS.45S24       1   115 (1009) + (TCTC)n        Simple_repeat          1    115    (0)  383  
  272   23.2  1.8  0.9  Sniffles2.INS.45S24     120   336  (788) C HERVIP10FH-int LTR/ERV1          (4105)    997    779  384  
  348   22.8  0.8  0.2  Sniffles2.INS.45S24     337  1124    (0) + (TCTCTC)n      Simple_repeat          1    792    (0)  385  
  345    8.7  0.0  0.0  Sniffles2.INS.45S8        3    48   (20) + BSR/Beta       Satellite             32     77   (59)  386  
   29   16.4  0.0  0.0  Sniffles2.INS.460S0       3    57    (0) + (ATATAT)n      Simple_repeat          1     55    (0)  387  
  234   17.5  0.0  8.7  Sniffles2.INS.466S33     15    64    (0) + MER94          DNA/hAT-Blackjack     49     94   (40)  388  
   52   23.7  0.0  0.8  Sniffles2.INS.46S24       3   122    (2) + (TC)n          Simple_repeat          1    119    (0)  389  
  473   16.1  0.8 16.4  Sniffles2.INS.46S8        1   134    (2) + BSR/Beta       Satellite             14    129    (7)  390  
  116    0.0  4.2  0.0  Sniffles2.INS.47DS0       1   119    (0) + (AAAAT)n       Simple_repeat          1    124    (0)  391  
  973   13.4  0.2  0.9  Sniffles2.INS.47S8        1   545    (2) + BSR/Beta       Satellite              1    541    (0)  392  
  559   18.2 11.4  0.0  Sniffles2.INS.47SBD       1   255    (2) C BSR/Beta       Satellite           (24)    284      1  393  
   29   12.7  0.0  1.9  Sniffles2.INS.483S33      2    55    (0) + (GGAA)n        Simple_repeat          1     53    (0)  394  
  484    7.7  0.0  0.0  Sniffles2.INS.48S8        2    66    (0) + BSR/Beta       Satellite             41    105   (31)  395  
   62   23.9  1.9  4.4  Sniffles2.INS.49BS0       1   210    (3) + (TTTAA)n       Simple_repeat          1    205    (0)  396  
  248   10.9  4.3  2.1  Sniffles2.INS.4ABS22      3    49    (3) C AluSx          SINE/Alu           (180)    122     75  397  
  329   15.4  1.5  3.0  Sniffles2.INS.4BSBD       2    68    (1) C BSR/Beta       Satellite            (6)    130     65  398  
  251   10.3  0.0  2.6  Sniffles2.INS.4CS6        1    40   (41) C L1MC           LINE/L1            (759)   5585   5547  399 *
  253   14.3  0.0  0.0  Sniffles2.INS.4CS6       40    81    (0) C L1MC           LINE/L1            (716)   5628   5587  400  
  338   14.6  0.0  0.0  Sniffles2.INS.4DDS0      27    81   (17) C MLT1A0         LTR/ERVL-MaLR      (253)    112     58  401  
 1180   11.8  0.5  0.3  Sniffles2.INS.4S2F        1   336    (3) + ALR/Alpha      Satellite/centr        1    336    (0)  402  
  909   13.6  0.0  4.1  Sniffles2.INS.4S8         1   341    (1) + BSR/Beta       Satellite              1    326    (8)  403  
  343   19.7  7.4  3.1  Sniffles2.INS.4SBD       12   282  (134) C HSATII         Satellite            (7)    282      1  404  
   63   19.0  0.0  0.0  Sniffles2.INS.4SBD      292   416    (0) + (TGGAA)n       Simple_repeat          1    125    (0)  405  
   42    0.0  0.0  0.0  Sniffles2.INS.51S23      15    50    (0) + (AG)n          Simple_repeat          1     36    (0)  406  
  578    4.4  0.0  0.0  Sniffles2.INS.52S8        1    68    (0) C BSR/Beta       Satellite           (56)     80     13  407  
  420   16.2  0.0  0.0  Sniffles2.INS.52SBD       1    68    (1) + BSR/Beta       Satellite             28     95   (41)  408  
  380   15.6  0.0  0.0  Sniffles2.INS.53SBD       3    66    (0) + BSR/Beta       Satellite             35     98   (38)  409  
   17    0.0  0.0  0.0  Sniffles2.INS.54S4        1    22   (30) + (GAAG)n        Simple_repeat          1     22    (0)  410  
   31    0.0  0.0  0.0  Sniffles2.INS.54S4       24    52    (0) + (AGAA)n        Simple_repeat          1     29    (0)  411  
   40    6.9  3.2  0.0  Sniffles2.INS.55S3A       1    62    (0) + (AGAA)n        Simple_repeat          1     64    (0)  412  
  344   18.8  0.0  0.0  Sniffles2.INS.55S8        1    64    (6) C BSR/Beta       Satellite           (31)    105     42  413  
  439   11.9  0.0  1.5  Sniffles2.INS.56S8        1    68    (1) C BSR/Beta       Satellite            (7)    129     63  414  
 1028   10.1  0.0  0.4  Sniffles2.INS.57S8        1   201    (4) C BSR/Beta       Satellite            (4)    200      1  415  
  911   14.8  2.3  0.3  Sniffles2.INS.58S8        1   541    (0) C BSR/Beta       Satellite           (32)    551      1  416  
  510    7.6  0.0  1.5  Sniffles2.INS.59S8        2    68    (0) C BSR/Beta       Satellite           (35)    101     36  417  
  603   15.4  0.0  1.0  Sniffles2.INS.5AS8        2   136    (1) C BSR/Beta       Satellite           (38)    133      1  418  
  342   18.5  0.0  0.0  Sniffles2.INS.5BS8        1    65    (2) C BSR/Beta       Satellite           (55)     81     17  419  
   61    1.5  2.8  1.4  Sniffles2.INS.5ES17       1    71    (0) + (TTTC)n        Simple_repeat          1     72    (0)  420  
   35   16.0  0.0  7.1  Sniffles2.INS.5FS1        1    90    (0) + G-rich         Low_complexity         1     84    (0)  421  
   68    3.4 12.3  0.0  Sniffles2.INS.5S0         1   122    (0) + (TA)n          Simple_repeat          1    137    (0)  422  
  606   14.9  0.0  0.0  Sniffles2.INS.5S14        1    94    (2) C CER            Satellite            (2)     94      1  423  
  937   13.8  3.2  0.0  Sniffles2.INS.5S2F        1   166    (1) + ALR/Alpha      Satellite/centr        1    171    (0)  424  
 1257   11.5  0.3  0.2  Sniffles2.INS.5S36        2   854    (0) C ALR/Alpha      Satellite/centr     (49)    854      1  425  
 1046    8.0  0.6  0.1  Sniffles2.INS.5SA8        1   873    (1) C ACRO1          Satellite/acro      (42)    877      1  426  
 1131   16.1  0.1  0.2  Sniffles2.INS.5SAA        1  1359    (9) + ALR/Alpha      Satellite/centr        1   1358    (0)  427  
  543   21.6  0.4  0.0  Sniffles2.INS.5SBB        3   264  (322) C ACRO1          Satellite/acro      (31)    263      1  428  
   28   18.8  0.0  0.0  Sniffles2.INS.62S11       3    53    (1) + (AT)n          Simple_repeat          1     51    (0)  429  
  560    3.1  0.0  0.0  Sniffles2.INS.65S8        1    65    (2) C BSR/Beta       Satellite           (28)    108     44  430  
   12   14.2  0.0  8.8  Sniffles2.INS.66S2       47    83    (5) + (GCC)n         Simple_repeat          1     34    (0)  431  
  400   29.6  1.9  0.0  Sniffles2.INS.66S25       1   108    (2) + HERV16-int     LTR/ERVL            2616   2725 (2271)  432  
  324   19.4  0.0  0.0  Sniffles2.INS.66S8        2    68    (1) C BSR/Beta       Satellite           (43)     93     27  433  
  163    1.8  7.8  4.8  Sniffles2.INS.68S17       1   306    (2) + (TATATAA)n     Simple_repeat          1    315    (0)  434  
   34    9.7  1.8  0.0  Sniffles2.INS.68S2        4    58    (3) + (AT)n          Simple_repeat          1     56    (0)  435  
   35    0.0 10.5  0.0  Sniffles2.INS.68S5        1    57    (0) + (AAGA)n        Simple_repeat          1     63    (0)  436  
  379   16.9  0.0  0.0  Sniffles2.INS.68S8        3    67    (1) C BSR/Beta       Satellite           (39)     97     33  437  
  136   12.3  3.4  2.2  Sniffles2.INS.6FS38       3   270    (1) + (ATATATT)n     Simple_repeat          1    271    (0)  438  
  937   13.8  3.2  0.0  Sniffles2.INS.6S2F        1   166    (1) + ALR/Alpha      Satellite/centr        1    171    (0)  439  
  366   13.1  1.6  0.0  Sniffles2.INS.6S8         1    61    (6) + BSR/Beta       Satellite             47    108   (28)  440  
  843    5.2  1.4  0.0  Sniffles2.INS.6SA8        1   143    (0) C ACRO1          Satellite/acro      (49)    145      1  441  
 2510    1.5  0.0  0.4  Sniffles2.INS.6SAA        6   308    (0) C AluYk11        SINE/Alu             (0)    311     10  442  
  420   13.6  0.0  0.0  Sniffles2.INS.71S8        8    66    (2) C BSR/Beta       Satellite           (17)    119     61  443  
   23   19.4  6.4  2.5  Sniffles2.INS.72S37       3    80    (0) + GA-rich        Low_complexity         1     81    (0)  444  
  436   13.6  0.0  0.0  Sniffles2.INS.74S8        1    66    (1) C BSR/Beta       Satellite           (40)     96     31  445  
  360   21.2  0.0  0.0  Sniffles2.INS.75S8        1    66    (1) C BSR/Beta       Satellite           (10)    126     61  446  
 1303    7.8 14.6  0.8  Sniffles2.INS.76S37       1   206    (0) + LTR12C         LTR/ERV1            1283   1516   (63)  447  
  478    9.0  0.0  0.0  Sniffles2.INS.76S8        1    67    (1) C BSR/Beta       Satellite           (65)     71      5  448  
  335   19.4  0.0  0.0  Sniffles2.INS.77S8        1    62    (5) C BSR/Beta       Satellite           (22)    114     53  449  
   60    0.0  3.1  1.5  Sniffles2.INS.78S31       1    65    (3) + (TTCT)n        Simple_repeat          1     66    (0)  450  
  376   13.6  1.5  1.5  Sniffles2.INS.78S8        1    67    (0) C BSR/Beta       Satellite           (45)     91     25  451  
  932   11.1  0.4  0.4  Sniffles2.INS.79S8        6   202    (2) C BSR/Beta       Satellite            (1)    197      1  452  
   17   23.3  0.0  4.1  Sniffles2.INS.7AS11       1    51    (0) + GA-rich        Low_complexity         1     49    (0)  453  
  362   13.6  0.0  0.0  Sniffles2.INS.7AS8        6    64    (5) C BSR/Beta       Satellite           (74)     62      4  454  
   19    7.2  0.0  0.0  Sniffles2.INS.7BS1       13    41  (170) + (TTTCT)n       Simple_repeat          1     29    (0)  455  
   60    4.7  0.0  0.0  Sniffles2.INS.7BS1       51   117   (94) + (CCTT)n        Simple_repeat          1     67    (0)  456  
   17   20.7  2.6  0.0  Sniffles2.INS.7BS1      118   156   (55) + (CT)n          Simple_repeat          1     40    (0)  457  
  670   13.4  1.5  0.0  Sniffles2.INS.7BS8        1   135    (0) C BSR/Beta       Satellite           (25)    136      1  458  
 2189    0.4  0.0  1.6  Sniffles2.INS.7CS25       1   256    (0) + AluY           SINE/Alu              41    292    (9)  459  
 2080    2.4  0.0  1.2  Sniffles2.INS.7DS31      13   262   (12) + AluY           SINE/Alu              55    301    (0)  460  
  264   15.4  0.0  0.0  Sniffles2.INS.7ES11       1    39   (34) + Alu            SINE/Alu               6     44   (89)  461  
  396   13.1 29.0  0.6  Sniffles2.INS.7FS1        4   134   (28) C L1P4           LINE/L1            (345)   5821   5654  462  
 2972    0.0  0.3  0.3  Sniffles2.INS.7FS5       17   334    (3) + AluYb9         SINE/Alu               1    318    (0)  463  
  446   18.1  3.5  9.9  Sniffles2.INS.7S15        1   470   (10) + HSATII         Satellite              1    439    (8)  464  
   26    8.7  2.0  2.0  Sniffles2.INS.7S2A        7    57   (13) + (ATTCC)n       Simple_repeat          1     51    (0)  465  
   16    0.0  0.0  0.0  Sniffles2.INS.7S2F        1    17  (746) + (T)n           Simple_repeat          1     17    (0)  466  
 5972    1.2  0.0  0.0  Sniffles2.INS.7S2F      103   763    (0) C L1HS           LINE/L1              (1)   6154   5494  467  
 1089   11.5  1.6  0.6  Sniffles2.INS.7S36        1   504    (1) C ALR/Alpha      Satellite/centr     (22)    509      1  468  
  344   16.7  0.0  0.0  Sniffles2.INS.7S8         1    60    (7) + BSR/Beta       Satellite              3     62   (74)  469  
 1193   14.1  0.1  0.0  Sniffles2.INS.7SAA       11   681    (2) + ALR/Alpha      Satellite/centr        1    671    (0)  470  
 1064    7.7  0.0  0.0  Sniffles2.INS.7SBB        2   293    (0) C ACRO1          Satellite/acro       (0)    292      1  471  
   78    2.3  2.1  2.1  Sniffles2.INS.81S22       1    94    (2) + (CATC)n        Simple_repeat          1     94    (0)  472  
  582    3.0  0.0  0.0  Sniffles2.INS.81S8        1    66    (2) C BSR/Beta       Satellite           (44)     92     27  473  
   59    3.5  0.0  0.0  Sniffles2.INS.82S38       1    59    (1) + (TA)n          Simple_repeat          1     59    (0)  474  
  780    8.4  1.0  0.5  Sniffles2.INS.82S8        1   135    (0) C BSR/Beta       Satellite           (44)    135      1  475  
   58    1.8  0.0  0.0  Sniffles2.INS.83S24       1    57    (3) + (TCCAT)n       Simple_repeat          1     57    (0)  476  
  105    8.9  6.7  1.8  Sniffles2.INS.83S25       1   210    (0) + (ATATATA)n     Simple_repeat          1    220    (0)  477  
 2579    2.2  0.0  2.2  Sniffles2.INS.83S5       15   350    (2) + AluY           SINE/Alu               1    311    (0)  478  
  838   14.9  0.0  0.3  Sniffles2.INS.83S8        2   272    (1) C BSR/Beta       Satellite           (17)    270      1  479  
  369   12.1  3.5  0.0  Sniffles2.INS.84S8        5    62    (2) C BSR/Beta       Satellite           (44)     92     33  480  
 2725    2.9  0.7  0.0  Sniffles2.INS.85S25      13   318  (336) + AluY           SINE/Alu               1    308    (3)  481  
 2725    2.9  0.7  0.0  Sniffles2.INS.85S25     340   645    (9) + AluY           SINE/Alu               1    308    (3)  482  
  404   14.1  0.0  0.0  Sniffles2.INS.85S8        4    67    (1) C BSR/Beta       Satellite            (5)    131     68  483  
  438   12.7  4.0  3.3  Sniffles2.INS.86S25       2   941    (3) + (TATAATA)n     Simple_repeat          1    947    (0)  484  
  322   16.4  0.0  0.0  Sniffles2.INS.86S8       14    68    (0) C BSR/Beta       Satellite           (43)     93     39  485  
   36   17.6  0.0  0.0  Sniffles2.INS.87S37       1    64    (2) + (TA)n          Simple_repeat          1     64    (0)  486  
  272   20.0  0.0  1.7  Sniffles2.INS.87S8        1    61    (0) C BSR/Beta       Satellite           (11)    125     66  487  
   35   17.9  0.0  0.0  Sniffles2.INS.88S37       1    63    (3) + (TA)n          Simple_repeat          1     63    (0)  488  
 2227    0.4  0.4  0.0  Sniffles2.INS.88S38      15   284    (0) C AluY           SINE/Alu             (0)    311     45  489  
  435   18.1  6.2  8.3  Sniffles2.INS.88SC0       8   601   (13) C HSATII         Satellite            (4)    581      1  490  
  800   11.1  1.5  0.0  Sniffles2.INS.8AS8        1   133    (1) C BSR/Beta       Satellite           (57)    135      1  491  
  710    9.5  9.9  1.2  Sniffles2.INS.8BS8        4   201    (5) C BSR/Beta       Satellite           (13)    215      1  492  
  349    9.2  0.0  0.2  Sniffles2.INS.8CS6       40    96    (4) C MLT2A2         LTR/ERVL             (3)    558    501  493  
  348   17.5  0.0  0.0  Sniffles2.INS.8CS8        5    67    (1) C BSR/Beta       Satellite           (40)     96     34  494  
   26    6.5  7.5  3.6  Sniffles2.INS.8DS1        2    54    (0) + GA-rich        Low_complexity         1     55    (0)  495  
   32   20.8  6.2  1.0  Sniffles2.INS.8FS1       17   112    (0) + (TA)n          Simple_repeat          1    101    (0)  496  
   71   19.5  2.9  1.1  Sniffles2.INS.8S28        3   175    (0) + (TCTG)n        Simple_repeat          1    176    (0)  497  
 1157   13.4  0.7  0.0  Sniffles2.INS.8S2F        6   337    (1) + ALR/Alpha      Satellite/centr        1    334    (0)  498  
 1221   13.8  0.2  0.0  Sniffles2.INS.8S36        1   854    (0) C ALR/Alpha      Satellite/centr     (67)    855      1  499  
  779   12.8  0.0  0.0  Sniffles2.INS.8S6F        1   125    (2) C ALR/Alpha      Satellite/centr      (2)    169     45  500  
  322   19.7  1.5  0.0  Sniffles2.INS.8S8         1    66    (0) + BSR/Beta       Satellite             10     76   (60)  501  
 1155   15.2  0.0  0.1  Sniffles2.INS.8SAA        7  1025    (1) + ALR/Alpha      Satellite/centr        1   1018    (0)  502  
 1047    9.6  2.9  0.0  Sniffles2.INS.8SBB        1   168  (567) C ACRO1          Satellite/acro       (0)    172      1  503  
  593   21.5  0.0  0.0  Sniffles2.INS.8SBB      426   688   (47) C ACRO1          Satellite/acro      (31)    263      1  504  
  797    7.4  0.5  1.0  Sniffles2.INS.90S8        1   135    (0) C BSR/Beta       Satellite           (39)    134      1  505  
  831   14.9  0.4  0.5  Sniffles2.INS.94S8        1   675    (0) + BSR/Beta       Satellite              1    673    (0)  506  
  869   13.9  0.4  3.7  Sniffles2.INS.95S8        1   476    (0) + BSR/Beta       Satellite              1    460    (0)  507  
 1205   12.9  0.1  0.0  Sniffles2.INS.96S24       1   853    (0) + ALR/Alpha      Satellite/centr        1    853    (0)  508  
  590   20.3  1.0  0.0  Sniffles2.INS.96S8        1   125    (8) + BSR/Beta       Satellite              1    126    (0)  509  
 1281   12.3  0.0  0.3  Sniffles2.INS.97S24       1  1883    (0) + ALR/Alpha      Satellite/centr        1   1878    (0)  510  
   19    8.6  0.0  7.5  Sniffles2.INS.97S39       3    45    (6) + (TATAT)n       Simple_repeat          1     40    (0)  511  
  843   14.0  0.6  0.0  Sniffles2.INS.97S8        1   198    (3) + BSR/Beta       Satellite              1    199    (0)  512  
  767   15.4  0.9  2.7  Sniffles2.INS.98S8        2   404    (1) + BSR/Beta       Satellite              1    395    (0)  513  
   52    0.0  3.7  0.0  Sniffles2.INS.99S2        1    54    (0) + (TCTT)n        Simple_repeat          1     56    (0)  514  
  278   10.9  7.3  0.0  Sniffles2.INS.99S31       1    55   (45) C L1P1           LINE/L1           (3479)   2667   2609  515  
  258    5.7  7.5  0.0  Sniffles2.INS.99S31      48   100    (0) C L1P1           LINE/L1           (3421)   2725   2669  516 *
  875   13.4  0.2  3.1  Sniffles2.INS.99S8        3   738   (13) + BSR/Beta       Satellite              1    714    (0)  517  
   95   10.6  8.1  0.9  Sniffles2.INS.9AS25       1   198    (6) + (TA)n          Simple_repeat          1    212    (0)  518  
 2881    0.7  0.0  0.3  Sniffles2.INS.9AS38      14   321    (0) + AluY           SINE/Alu               1    307    (4)  519  
  342   15.9  1.6  0.0  Sniffles2.INS.9AS8        2    64    (3) + BSR/Beta       Satellite             63    126   (10)  520  
  336   18.5  1.5  0.0  Sniffles2.INS.9BS8        1    65    (0) + BSR/Beta       Satellite             33     98   (38)  521  
  357   20.9  0.0  0.0  Sniffles2.INS.9CS8        1    67    (1) + BSR/Beta       Satellite              5     71   (65)  522  
   17   22.7  2.2  0.0  Sniffles2.INS.9DS8       40    85  (189) + (CCA)n         Simple_repeat          1     47    (0)  523  
  514    6.8  1.4  0.0  Sniffles2.INS.9DS8      183   256   (18) C LSAU           Satellite          (410)     88     14  524  
  385   16.4  0.0  0.0  Sniffles2.INS.9ES8        2    68    (0) + BSR/Beta       Satellite             27     93   (43)  525  
  425   13.1  0.0  0.0  Sniffles2.INS.9FS8        2    62    (4) + BSR/Beta       Satellite             52    112   (24)  526  
 1201   10.9  1.8  3.7  Sniffles2.INS.9S1C        1    37 (1258) + HSATII         Satellite              1     37 (1230)  527  
   28    2.6  0.0  7.1  Sniffles2.INS.9S1C       38    82 (1213) + (ATTCCATTCG)n  Simple_repeat          1     42    (0)  528  
 1201   10.9  1.8  3.7  Sniffles2.INS.9S1C       83  1292    (3) + HSATII         Satellite             38   1267    (0)  527  
 1302   11.4  0.2  0.2  Sniffles2.INS.9S24        1   505    (8) + ALR/Alpha      Satellite/centr        1    504    (0)  529  
   40   16.6  0.0  0.0  Sniffles2.INS.9S28        1    74    (4) + (TCTC)n        Simple_repeat          1     74    (0)  530  
 1031   14.7  1.0  0.0  Sniffles2.INS.9S2F        6   678    (0) + ALR/Alpha      Satellite/centr        1    679    (0)  531  
   55    1.9  0.0  0.0  Sniffles2.INS.9S34        1    54    (1) + (GAATG)n       Simple_repeat          1     54    (0)  532  
 1292   12.5  0.5  0.3  Sniffles2.INS.9S36        1  1010    (9) C ALR/Alpha      Satellite/centr     (13)   1012      1  533  
  660   17.8  1.2  0.0  Sniffles2.INS.9S6F        5   167    (2) C ALR/Alpha      Satellite/centr     (61)    164      1  534  
  296   19.4  0.0  4.5  Sniffles2.INS.9S8         1    70    (0) + BSR/Beta       Satellite             55    121   (15)  535  
  380   22.2  0.0  0.0  Sniffles2.INS.9SBA        1    81    (0) + ALR/Alpha      Satellite/centr       28    108   (63)  536  
  629   18.4  1.6  1.4  Sniffles2.INS.9SBB       65   327  (261) C ACRO1          Satellite/acro      (31)    263      1  537  
   39    6.3  0.0  0.0  Sniffles2.INS.9SBD        3    52    (3) + (TCCAT)n       Simple_repeat          1     50    (0)  538  
  267   16.0  0.0  2.0  Sniffles2.INS.A0S2       34    84    (2) C MSTC           LTR/ERVL-MaLR        (0)    428    379  539  
   41    9.8  7.8  0.0  Sniffles2.INS.A0S4        3    79    (0) + (TA)n          Simple_repeat          1     83    (0)  540  
  593   17.5  0.0  1.0  Sniffles2.INS.A0S8        1   133    (4) + BSR/Beta       Satellite              1    131    (0)  541  
 2767    1.6  0.0  4.2  Sniffles2.INS.A0SF       15   337    (0) + AluY           SINE/Alu               1    310    (1)  542  
   45   11.7  6.0  0.0  Sniffles2.INS.A1S4        1    84    (0) + (AT)n          Simple_repeat          1     89    (0)  543  
  943    9.4  0.6  0.8  Sniffles2.INS.A1S8        1   268    (3) + BSR/Beta       Satellite              1    267    (3)  544  
  187   34.0  6.2  0.0  Sniffles2.INS.A2S13      18   114    (1) C L2             LINE/L2            (413)   3006   2904  545  
  152   11.8  0.0  0.0  Sniffles2.INS.A2S25       1   228    (0) + (CAC)n         Simple_repeat          1    228    (0)  546  
  755   16.8  2.7  0.8  Sniffles2.INS.A2S8        1   410    (0) + BSR/Beta       Satellite              1    417    (0)  547  
 1166   13.1  0.8  0.3  Sniffles2.INS.A3S23       1  1021    (1) + ALR/Alpha      Satellite/centr        1   1026    (0)  548  
  353   18.3  0.0  0.0  Sniffles2.INS.A3S8        1    60    (8) + BSR/Beta       Satellite             13     72   (64)  549  
  754   12.0  0.3 16.6  Sniffles2.INS.A5S8        1   262    (1) + BSR/Beta       Satellite              1    219    (0)  550  
  858   15.3  0.0  0.0  Sniffles2.INS.A9S25       2   132 (3445) + AluSc8         SINE/Alu             158    288   (23)  551  
  668   17.6  5.6  3.3  Sniffles2.INS.A9S25     135  2077 (1500) + (ATATA)n       Simple_repeat          1   1985    (0)  552  
 5061    0.7  0.2  0.0  Sniffles2.INS.A9S25    2084  2645  (932) + HSATI          Satellite              6    568    (0)  553  
 1099   12.3  0.7  0.0  Sniffles2.INS.A9S25    2645  2799  (778) + AluY           SINE/Alu              13    168  (133)  554 *
  207    1.5 11.5  0.3  Sniffles2.INS.A9S25    2836  3174  (403) + (AT)n          Simple_repeat          1    377    (0)  555  
  109    8.2  4.3  1.1  Sniffles2.INS.A9S25    3392  3576    (1) + (ATTATAT)n     Simple_repeat          1    191    (0)  556  
  111    1.0  1.0  0.0  Sniffles2.INS.ABS33       1   102    (0) + (TA)n          Simple_repeat          1    103    (0)  557  
  413    8.3 15.5  0.0  Sniffles2.INS.ADS33       1    84   (18) + L1P3           LINE/L1             2427   2523 (3623)  558  
  379   23.1  2.9  7.6  Sniffles2.INS.AS13       51   339    (3) + L1MC3          LINE/L1             6455   6599 (1186)  559  
  372   18.0  7.1  5.9  Sniffles2.INS.AS15        8   518    (7) + HSATII         Satellite              1    517    (4)  560  
 1127   11.4  2.4  5.3  Sniffles2.INS.AS1C        3  1757  (246) + HSATII         Satellite              1   1742  (201)  561  
   28    2.6  0.0  7.1  Sniffles2.INS.AS1C     1758  1802  (201) + (ATTCCATTCG)n  Simple_repeat          1     42    (0)  562  
 1127   11.4  2.4  5.3  Sniffles2.INS.AS1C     1803  2003    (0) + HSATII         Satellite           1743   1943    (0)  561  
   13   26.4  0.0  2.2  Sniffles2.INS.AS29        4    50    (0) + (ATAACAT)n     Simple_repeat          1     46    (0)  563  
  988   16.5  0.1  0.7  Sniffles2.INS.AS2F        1   341    (1) + ALR/Alpha      Satellite/centr        1    339    (0)  564  
  805   15.6  0.0  0.0  Sniffles2.INS.AS30        1   172    (0) + ALR/Alpha      Satellite/centr        1    172    (0)  565  
   31    2.1  1.8  7.5  Sniffles2.INS.AS31       10    65    (0) + (TATATGTACA)n  Simple_repeat          1     53    (0)  566  
  678   14.2  0.0  1.0  Sniffles2.INS.AS8         1   137    (0) + BSR/Beta       Satellite              1    135    (0)  567  
 1054    7.7  0.6  0.2  Sniffles2.INS.ASA8        1   873    (1) C ACRO1          Satellite/acro      (44)    876      1  568  
  930    9.6  0.0  0.0  Sniffles2.INS.ASBB        1   147    (0) C ACRO1          Satellite/acro      (16)    147      1  569  
 1088   14.8  0.0  0.0  Sniffles2.INS.B0S23       4   339    (3) + ALR/Alpha      Satellite/centr        1    336    (0)  570  
   24   17.6  3.9  0.0  Sniffles2.INS.B2S1        1    52    (2) + (TA)n          Simple_repeat          1     54    (0)  571  
  328   14.5  3.2  0.0  Sniffles2.INS.B2S8        3    64    (2) C BSR/Beta       Satellite            (6)    130     67  572  
   89   11.6  1.3  0.0  Sniffles2.INS.BBS6        1   155    (1) + (AT)n          Simple_repeat          1    157    (0)  573  
  335   20.0  0.0  0.0  Sniffles2.INS.BBS8        1    65    (3) C BSR/Beta       Satellite           (57)     79     15  574  
  718   14.3  0.0  0.5  Sniffles2.INS.BCS8        8   136    (0) C BSR/Beta       Satellite           (24)    128      1  575  
  773   15.2  0.4  6.6  Sniffles2.INS.BDS8       13   198    (2) C BSR/Beta       Satellite            (0)    174      1  576  
  359   19.4  3.0  0.0  Sniffles2.INS.BES8        1    67    (1) C BSR/Beta       Satellite           (53)     83     15  577  
 2802    2.0  0.0  0.0  Sniffles2.INS.BFS38       9   311    (0) C AluYe5         SINE/Alu             (7)    303      1  578  
  419   15.1  1.4  0.0  Sniffles2.INS.BS1C        2    74    (1) + HSATII         Satellite             31    104   (66)  579  
   32   21.4  9.5  0.7  Sniffles2.INS.BS29        2   127   (18) + (TA)n          Simple_repeat          1    137    (0)  580  
  881   20.2  0.0  0.0  Sniffles2.INS.BS30        1   169    (1) + ALR/Alpha      Satellite/centr        1    169    (0)  581  
  922   11.6  0.0  0.8  Sniffles2.INS.BS8         4   205    (1) + BSR/Beta       Satellite              1    200    (0)  582  
  664   12.5  0.0  1.0  Sniffles2.INS.C0S8        2   134    (1) C BSR/Beta       Satellite           (42)    131      1  583  
 2339    6.2  0.3  1.0  Sniffles2.INS.C4S25      21   312   (12) C AluY           SINE/Alu            (20)    291      2  584  
  493    6.1  0.0  1.5  Sniffles2.INS.C4S8        2    68    (1) C BSR/Beta       Satellite           (21)    115     50  585  
   25    8.9  4.0  2.0  Sniffles2.INS.C6S22       1    50    (0) + (TTATTT)n      Simple_repeat          1     51    (0)  586  
  933   15.7  5.3  1.0  Sniffles2.INS.C6S8        7  1088    (1) C BSR/Beta       Satellite           (17)   1128      1  587  
 2826   11.2  1.0  1.2  Sniffles2.INS.C7S8       27   524 (2250) + LSAU           Satellite              2    498    (0)  588  
  685   11.5  1.6  0.0  Sniffles2.INS.C7S8     1977  2098  (676) + LSAU           Satellite             16    139  (359)  589  
   18   16.1  3.9  3.9  Sniffles2.INS.C7S8     2210  2261  (513) + (GTG)n         Simple_repeat          1     52    (0)  590  
  295   10.9  2.2  0.0  Sniffles2.INS.C9S8       21    66    (1) C BSR/Beta       Satellite           (59)     77     31  591  
  900   11.3  0.0  0.5  Sniffles2.INS.CAS8        2   204    (1) C BSR/Beta       Satellite           (40)    201      1  592  
   17   20.1  3.8  1.9  Sniffles2.INS.CCS5       64   116   (89) + A-rich         Low_complexity         1     54    (0)  593  
 2706    1.0  0.7  0.7  Sniffles2.INS.CDS6       13   311    (0) + AluYa5         SINE/Alu               1    299   (12)  594  
  590   16.3  3.9  7.2  Sniffles2.INS.CDS8        1   260    (0) C BSR/Beta       Satellite           (53)    251      1  595  
 2715    1.0  0.0  0.0  Sniffles2.INS.CES3A       5   325    (0) C AluYb9         SINE/Alu             (0)    318      1  596  
  309   18.3  4.1 17.1  Sniffles2.INS.CFS13      71   241   (18) + MER4C          LTR/ERV1             199    350  (115)  597  
   45   16.6 10.6  1.2  Sniffles2.INS.CS29        1   151    (0) + (TA)n          Simple_repeat          1    165    (0)  598  
  900   15.7  0.0  0.0  Sniffles2.INS.CS30        4   340    (2) + ALR/Alpha      Satellite/centr        1    337    (0)  599  
  483   10.4  0.0  0.0  Sniffles2.INS.CS8         1    67    (1) + BSR/Beta       Satellite             28     94   (42)  600  
  853    5.3  1.4  0.0  Sniffles2.INS.CSA8        3   143    (1) C ACRO1          Satellite/acro      (28)    143      1  601  
  769   13.8  0.0  0.0  Sniffles2.INS.CSBA        1   169    (0) C ALR/Alpha      Satellite/centr     (37)    169      1  602  
 2576    0.4  0.0  0.4  Sniffles2.INS.D0S5       18   292    (0) C AluYb9         SINE/Alu            (10)    308     35  603  
   34   12.9  9.1  0.0  Sniffles2.INS.D1S22       1    77    (0) + (TA)n          Simple_repeat          1     84    (0)  604  
  321   16.9  6.0  0.0  Sniffles2.INS.D2S2        8    90    (0) C L1M2           LINE/L1           (3619)   2524   2437  605  
  431   11.9  0.0  1.5  Sniffles2.INS.D3S8        1    68    (0) C BSR/Beta       Satellite           (69)     67      1  606  
   70    0.0  0.0  0.0  Sniffles2.INS.D4S39       1    62    (3) + (AAAG)n        Simple_repeat          1     62    (0)  607  
  397   16.9  0.0  0.0  Sniffles2.INS.D4S8        3    67    (0) C BSR/Beta       Satellite           (20)    116     52  608  
 1014   14.8  0.0  0.0  Sniffles2.INS.D5S23       1   341    (1) + ALR/Alpha      Satellite/centr        1    341    (0)  609  
  647   13.0  0.5  0.0  Sniffles2.INS.D5S8        1   133    (0) C BSR/Beta       Satellite           (39)    133      1  610  
   18   10.8  3.3  0.0  Sniffles2.INS.D5SBF       1    30   (28) + (AT)n          Simple_repeat          1     31    (0)  611  
  809   14.9  4.7  1.6  Sniffles2.INS.D6S8        4   244    (0) C BSR/Beta       Satellite           (38)    248      1  612  
  428   16.7  0.0  0.0  Sniffles2.INS.D7S8        2    67    (1) C BSR/Beta       Satellite            (7)    129     64  613  
  656    5.3  0.7  7.5  Sniffles2.INS.D8S2        5   147    (0) + SVA_E          Retroposon/SVA       646    779  (603)  614  
   35   12.8  7.0  0.0  Sniffles2.INS.D8S24       1    71    (0) + (AT)n          Simple_repeat          1     76    (0)  615  
  914   12.5  0.0  0.3  Sniffles2.INS.D8S8       12   204    (1) C BSR/Beta       Satellite           (28)    192      1  616  
  318   17.2  1.6  0.0  Sniffles2.INS.D9S8        3    66    (3) C BSR/Beta       Satellite           (39)     97     33  617  
  421   16.9  0.0  0.0  Sniffles2.INS.DAS8        1    65    (1) C BSR/Beta       Satellite           (19)    117     53  618  
   61    0.0  0.0  0.0  Sniffles2.INS.DBS25       1    55    (0) + (T)n           Simple_repeat          1     55    (0)  619  
  510   18.5  0.5  0.0  Sniffles2.INS.DBS8        1   121    (0) C BSR/Beta       Satellite           (54)    121      1  620  
  363    8.3  0.0  0.0  Sniffles2.INS.DCS8        8    55    (0) C BSR/Beta       Satellite           (40)     96     49  621  
  623    6.9  1.4 10.4  Sniffles2.INS.DDS8        3   134    (0) C BSR/Beta       Satellite           (38)    120      1  622  
  371   17.7  5.8  8.5  Sniffles2.INS.DESC0       3   335  (806) C HSATII         Satellite            (7)    324      1  623  
  444   18.5  5.7  8.0  Sniffles2.INS.DESC0     349  1137    (4) C HSATII         Satellite            (9)    770      1  623  
   31   10.3  0.0  0.0  Sniffles2.INS.DS25        1    52    (3) + (TCCAT)n       Simple_repeat          1     52    (0)  624  
   24   15.2  2.7  6.9  Sniffles2.INS.DS29        9    83   (20) + (TATATCA)n     Simple_repeat          1     72    (0)  625  
   22   20.5  5.6  5.6  Sniffles2.INS.DS29       84    97    (6) + (TA)n          Simple_repeat          1     89    (0)  626  
  373   13.7  0.0  0.0  Sniffles2.INS.DS2B        1    51    (4) + Alu            SINE/Alu              90    140   (26)  627  
 1083   13.9  0.0  0.0  Sniffles2.INS.DS30        1   341    (1) + ALR/Alpha      Satellite/centr        1    341    (0)  628  
  323   19.4  0.0  1.5  Sniffles2.INS.DS8         1    68    (1) + BSR/Beta       Satellite              7     73   (63)  629  
  888   11.3  2.1  0.0  Sniffles2.INS.DSAD        1   142    (3) C ACRO1          Satellite/acro       (0)    147      3  630  
  437   12.3  0.0  0.0  Sniffles2.INS.E0S8        3    67    (1) C BSR/Beta       Satellite           (42)     94     30  631  
  953   14.0  7.7  5.8  Sniffles2.INS.E2S2        4    45  (320) + AluY           SINE/Alu               1    160  (141)  632  
  387   23.1  8.5 19.9  Sniffles2.INS.E2S2       46   245  (120) C SVA_A          Retroposon/SVA     (967)    420    240  633  
  953   14.0  7.7  5.8  Sniffles2.INS.E2S2      246   276   (89) + AluY           SINE/Alu             161    288   (13)  632  
  409    8.2  2.6  5.3  Sniffles2.INS.E2S2      288   364    (1) + AluY           SINE/Alu              48    122  (179)  634  
 1061   15.3  0.4  0.0  Sniffles2.INS.E3S23       1   339    (2) + ALR/Alpha      Satellite/centr        1    340    (0)  635  
   24   12.5  5.8  0.0  Sniffles2.INS.E4S35       1    52    (0) + (ATAT)n        Simple_repeat          1     55    (0)  636  
   71    1.5  0.0  0.0  Sniffles2.INS.E6SC0      17    84    (0) + (AATGG)n       Simple_repeat          1     68    (0)  637  
  292   27.9  6.9  0.7  Sniffles2.INS.E9S24       2   131   (41) C SVA_B          Retroposon/SVA    (1114)    269    132  638 *
  509   14.1  7.8  1.6  Sniffles2.INS.E9S24      28   142   (30) + AluSx          SINE/Alu              88    209   (93)  639  
   57   23.0  5.3  1.5  Sniffles2.INS.ES29        1   188    (0) + (AT)n          Simple_repeat          1    195    (0)  640  
  514   17.9  0.5  1.0  Sniffles2.INS.ES8         4   132    (4) + BSR/Beta       Satellite              1    128    (0)  641  
 1054    7.8  0.6  0.1  Sniffles2.INS.ESA8        1   873    (0) C ACRO1          Satellite/acro      (55)    877      1  642  
  809    9.9  5.2  0.0  Sniffles2.INS.ESAD        1   288    (1) C ACRO1          Satellite/acro      (16)    302      1  643  
  880   14.4  0.0  0.0  Sniffles2.INS.ESB0        5   168    (0) + ALR/Alpha      Satellite/centr        1    164    (0)  644  
  662   10.3  0.9  7.4  Sniffles2.INS.F5S5        2   116    (9) + THE1B          LTR/ERVL-MaLR        111    218  (146)  645  
   77    4.9  0.0  0.0  Sniffles2.INS.FAS38       1    86    (0) + (C)n           Simple_repeat          1     86    (0)  646  
  434    8.6  0.8  0.5  Sniffles2.INS.FCSBF       1   614    (1) + (TA)n          Simple_repeat          1    616    (0)  647  
 2912    0.3  0.3  0.3  Sniffles2.INS.FDS18       6   318    (0) + AluYb8         SINE/Alu               1    313    (5)  648  
 1317   12.2  0.2  0.2  Sniffles2.INS.FFS11       1   681    (1) + ALR/Alpha      Satellite/centr        1    680    (2)  649  
 1179   13.6  0.0  0.0  Sniffles2.INS.FS30        6   335    (2) + ALR/Alpha      Satellite/centr        1    330    (0)  650  
  970    9.4  0.0  1.0  Sniffles2.INS.FS8         2   206    (0) + BSR/Beta       Satellite              1    202    (0)  651  
  950    8.6  1.2  0.2  Sniffles2.INS.FSAD        1   431    (1) C ACRO1          Satellite/acro      (49)    435      1  652  
 1229   14.3  1.2  0.0  Sniffles2.INS.FSB0        1  1184    (2) + ALR/Alpha      Satellite/centr        1   1197    (0)  653  
 1208   14.8  1.7  0.4  Sniffles2.INS.FSBA        1  2012    (2) C ALR/Alpha      Satellite/centr     (71)   2038      1  654  
